Component: ARM Compiler 5.05 update 2 (build 169) Tool: armlink [4d0f33]

==============================================================================

Section Cross References

    control.o(.text) refers to f2d.o(.text) for __aeabi_f2d
    control.o(.text) refers to cdcmple.o(.text) for __aeabi_cdcmple
    control.o(.text) refers to motor.o(.text) for Motor_Set_Speed
    control.o(.text) refers to servo.o(.text) for Servo_Set_Angle
    control.o(.text) refers to pid.o(.text) for Contrl_9250_Forward
    control.o(.text) refers to stm32f4xx_gpio.o(.text) for GPIO_ReadInputDataBit
    control.o(.text) refers to control.o(.data) for SpeedL1_Base
    control.o(.text) refers to encoder.o(.bss) for Encoders
    control.o(.text) refers to ultrasonic.o(.data) for ultra_L1
    control.o(.text) refers to usart2_dma.o(.data) for yaw
    control.o(.text) refers to dmul.o(.text) for __aeabi_dmul
    control.o(.text) refers to d2f.o(.text) for __aeabi_d2f
    control.o(.text) refers to delay.o(.text) for delay_ms
    control.o(.text) refers to stm32f4xx_tim.o(.text) for TIM_GetITStatus
    control.o(.text) refers to encoder.o(.text) for Read_Encoder_Cnt
    control.o(.text) refers to ultrasonic.o(.text) for Ultra_Trig
    main.o(.text) refers to misc.o(.text) for NVIC_PriorityGroupConfig
    main.o(.text) refers to delay.o(.text) for delay_init
    main.o(.text) refers to key.o(.text) for Key_Init
    main.o(.text) refers to io.o(.text) for IO_init
    main.o(.text) refers to led.o(.text) for LED_Init
    main.o(.text) refers to servo.o(.text) for TIM4_Servo_PWM_Init
    main.o(.text) refers to ultrasonic.o(.text) for Ultrasonic_Init
    main.o(.text) refers to oled.o(.text) for OLED_Init
    main.o(.text) refers to motor.o(.text) for Motor_Init
    main.o(.text) refers to timer7.o(.text) for TIM7_Init
    main.o(.text) refers to encoder.o(.text) for TIM3_EncoderB_Init
    main.o(.text) refers to pid.o(.text) for PID_Init
    main.o(.text) refers to control.o(.text) for Motor_Stop
    main.o(.text) refers to usart1_dma.o(.text) for USART1_Init
    main.o(.text) refers to usart2_dma.o(.text) for USART2_Init
    main.o(.text) refers to control.o(.data) for Servo1_Increase
    main.o(.text) refers to usart2_dma.o(.data) for yaw
    main.o(.text) refers to main.o(.data) for start_yaw
    main.o(.text) refers to pid.o(.bss) for PID_9250_Forward_motor
    main.o(.text) refers to ultrasonic.o(.data) for ultra_F1
    system_stm32f4xx.o(.text) refers to system_stm32f4xx.o(.data) for SystemCoreClock
    delay.o(.text) refers to misc.o(.text) for SysTick_CLKSourceConfig
    delay.o(.text) refers to delay.o(.data) for fac_us
    pid.o(.text) refers to pid.o(.bss) for PID_R1_Right_Servo
    pid.o(.text) refers to control.o(.data) for Servo1_Increase
    pid.o(.text) refers to f2d.o(.text) for __aeabi_f2d
    pid.o(.text) refers to dmul.o(.text) for __aeabi_dmul
    pid.o(.text) refers to d2f.o(.text) for __aeabi_d2f
    led.o(.text) refers to stm32f4xx_rcc.o(.text) for RCC_AHB1PeriphClockCmd
    led.o(.text) refers to stm32f4xx_gpio.o(.text) for GPIO_Init
    beep.o(.text) refers to stm32f4xx_rcc.o(.text) for RCC_AHB1PeriphClockCmd
    beep.o(.text) refers to stm32f4xx_gpio.o(.text) for GPIO_Init
    beep.o(.text) refers to delay.o(.text) for delay_ms
    key.o(.text) refers to stm32f4xx_rcc.o(.text) for RCC_AHB1PeriphClockCmd
    key.o(.text) refers to stm32f4xx_gpio.o(.text) for GPIO_Init
    key.o(.text) refers to delay.o(.text) for delay_ms
    key.o(.text) refers to key.o(.data) for key_up
    oled.o(.text) refers to oled.o(.bss) for OLED_GRAM
    oled.o(.text) refers to oled.o(.constdata) for asc2_1206
    oled.o(.text) refers to stm32f4xx_rcc.o(.text) for RCC_AHB1PeriphClockCmd
    oled.o(.text) refers to stm32f4xx_gpio.o(.text) for GPIO_Init
    oled.o(.text) refers to oled.o(.data) for Chinese
    usart1_dma.o(.text) refers to stm32f4xx_rcc.o(.text) for RCC_APB2PeriphClockCmd
    usart1_dma.o(.text) refers to misc.o(.text) for NVIC_Init
    usart1_dma.o(.text) refers to stm32f4xx_dma.o(.text) for DMA_DeInit
    usart1_dma.o(.text) refers to stm32f4xx_usart.o(.text) for USART_DMACmd
    usart1_dma.o(.text) refers to stm32f4xx_gpio.o(.text) for GPIO_PinAFConfig
    usart1_dma.o(.text) refers to usart1_dma.o(.bss) for send_data_u1
    usart2_dma.o(.text) refers to stm32f4xx_rcc.o(.text) for RCC_APB1PeriphClockCmd
    usart2_dma.o(.text) refers to misc.o(.text) for NVIC_Init
    usart2_dma.o(.text) refers to stm32f4xx_dma.o(.text) for DMA_DeInit
    usart2_dma.o(.text) refers to stm32f4xx_usart.o(.text) for USART_DMACmd
    usart2_dma.o(.text) refers to stm32f4xx_gpio.o(.text) for GPIO_PinAFConfig
    usart2_dma.o(.text) refers to usart2_dma.o(.bss) for send_data_u2
    usart2_dma.o(.text) refers to usart2_dma.o(.data) for yaw_H
    usart3_dma.o(.text) refers to stm32f4xx_rcc.o(.text) for RCC_APB1PeriphClockCmd
    usart3_dma.o(.text) refers to misc.o(.text) for NVIC_Init
[...]
    ..\HARDWARE\BEEP\beep.c                  0x00000000   Number         0  beep.o ABSOLUTE
    ..\HARDWARE\ENCODER\encoder.c            0x00000000   Number         0  encoder.o ABSOLUTE
    ..\HARDWARE\FILTER\filter.c              0x00000000   Number         0  filter.o ABSOLUTE
    ..\HARDWARE\IO\io.c                      0x00000000   Number         0  io.o ABSOLUTE
    ..\HARDWARE\KEY\key.c                    0x00000000   Number         0  key.o ABSOLUTE
    ..\HARDWARE\LED\led.c                    0x00000000   Number         0  led.o ABSOLUTE
    ..\HARDWARE\MOTOR\motor.c                0x00000000   Number         0  motor.o ABSOLUTE
    ..\HARDWARE\OLED\oled.c                  0x00000000   Number         0  oled.o ABSOLUTE
    ..\HARDWARE\SERVO\servo.c                0x00000000   Number         0  servo.o ABSOLUTE
    ..\HARDWARE\TFLUNA\TFLuna.c              0x00000000   Number         0  tfluna.o ABSOLUTE
    ..\HARDWARE\TIMER7\timer7.c              0x00000000   Number         0  timer7.o ABSOLUTE
    ..\HARDWARE\UART4_DMA\uart4_dma.c        0x00000000   Number         0  uart4_dma.o ABSOLUTE
    ..\HARDWARE\ULTRASONIC\ultrasonic.c      0x00000000   Number         0  ultrasonic.o ABSOLUTE
    ..\HARDWARE\USART1_DMA\usart1_dma.c      0x00000000   Number         0  usart1_dma.o ABSOLUTE
    ..\HARDWARE\USART2_DMA\usart2_dma.c      0x00000000   Number         0  usart2_dma.o ABSOLUTE
    ..\HARDWARE\USART3_DMA\usart3_dma.c      0x00000000   Number         0  usart3_dma.o ABSOLUTE
    ..\SYSTEM\CONTROL\control.c              0x00000000   Number         0  control.o ABSOLUTE
    ..\SYSTEM\PID\pid.c                      0x00000000   Number         0  pid.o ABSOLUTE
    ..\SYSTEM\delay\delay.c                  0x00000000   Number         0  delay.o ABSOLUTE
    ..\SYSTEM\sys\sys.c                      0x00000000   Number         0  sys.o ABSOLUTE
    ..\\FWLIB\\src\\misc.c                   0x00000000   Number         0  misc.o ABSOLUTE
    ..\\FWLIB\\src\\stm32f4xx_adc.c          0x00000000   Number         0  stm32f4xx_adc.o ABSOLUTE
    ..\\FWLIB\\src\\stm32f4xx_can.c          0x00000000   Number         0  stm32f4xx_can.o ABSOLUTE
    ..\\FWLIB\\src\\stm32f4xx_crc.c          0x00000000   Number         0  stm32f4xx_crc.o ABSOLUTE
    ..\\FWLIB\\src\\stm32f4xx_cryp.c         0x00000000   Number         0  stm32f4xx_cryp.o ABSOLUTE
    ..\\FWLIB\\src\\stm32f4xx_cryp_aes.c     0x00000000   Number         0  stm32f4xx_cryp_aes.o ABSOLUTE
    ..\\FWLIB\\src\\stm32f4xx_cryp_des.c     0x00000000   Number         0  stm32f4xx_cryp_des.o ABSOLUTE
    ..\\FWLIB\\src\\stm32f4xx_cryp_tdes.c    0x00000000   Number         0  stm32f4xx_cryp_tdes.o ABSOLUTE
    ..\\FWLIB\\src\\stm32f4xx_dac.c          0x00000000   Number         0  stm32f4xx_dac.o ABSOLUTE
    ..\\FWLIB\\src\\stm32f4xx_dbgmcu.c       0x00000000   Number         0  stm32f4xx_dbgmcu.o ABSOLUTE
    ..\\FWLIB\\src\\stm32f4xx_dcmi.c         0x00000000   Number         0  stm32f4xx_dcmi.o ABSOLUTE
    ..\\FWLIB\\src\\stm32f4xx_dma.c          0x00000000   Number         0  stm32f4xx_dma.o ABSOLUTE
    ..\\FWLIB\\src\\stm32f4xx_dma2d.c        0x00000000   Number         0  stm32f4xx_dma2d.o ABSOLUTE
    ..\\FWLIB\\src\\stm32f4xx_exti.c         0x00000000   Number         0  stm32f4xx_exti.o ABSOLUTE
    ..\\FWLIB\\src\\stm32f4xx_flash.c        0x00000000   Number         0  stm32f4xx_flash.o ABSOLUTE
    ..\\FWLIB\\src\\stm32f4xx_flash_ramfunc.c 0x00000000   Number         0  stm32f4xx_flash_ramfunc.o ABSOLUTE
    ..\\FWLIB\\src\\stm32f4xx_fsmc.c         0x00000000   Number         0  stm32f4xx_fsmc.o ABSOLUTE
    ..\\FWLIB\\src\\stm32f4xx_gpio.c         0x00000000   Number         0  stm32f4xx_gpio.o ABSOLUTE
    ..\\FWLIB\\src\\stm32f4xx_hash.c         0x00000000   Number         0  stm32f4xx_hash.o ABSOLUTE
    ..\\FWLIB\\src\\stm32f4xx_hash_md5.c     0x00000000   Number         0  stm32f4xx_hash_md5.o ABSOLUTE
    ..\\FWLIB\\src\\stm32f4xx_hash_sha1.c    0x00000000   Number         0  stm32f4xx_hash_sha1.o ABSOLUTE
    ..\\FWLIB\\src\\stm32f4xx_i2c.c          0x00000000   Number         0  stm32f4xx_i2c.o ABSOLUTE
    ..\\FWLIB\\src\\stm32f4xx_iwdg.c         0x00000000   Number         0  stm32f4xx_iwdg.o ABSOLUTE
    ..\\FWLIB\\src\\stm32f4xx_ltdc.c         0x00000000   Number         0  stm32f4xx_ltdc.o ABSOLUTE
    ..\\FWLIB\\src\\stm32f4xx_pwr.c          0x00000000   Number         0  stm32f4xx_pwr.o ABSOLUTE
    ..\\FWLIB\\src\\stm32f4xx_rcc.c          0x00000000   Number         0  stm32f4xx_rcc.o ABSOLUTE
    ..\\FWLIB\\src\\stm32f4xx_rng.c          0x00000000   Number         0  stm32f4xx_rng.o ABSOLUTE
    ..\\FWLIB\\src\\stm32f4xx_rtc.c          0x00000000   Number         0  stm32f4xx_rtc.o ABSOLUTE
    ..\\FWLIB\\src\\stm32f4xx_sai.c          0x00000000   Number         0  stm32f4xx_sai.o ABSOLUTE
    ..\\FWLIB\\src\\stm32f4xx_sdio.c         0x00000000   Number         0  stm32f4xx_sdio.o ABSOLUTE
    ..\\FWLIB\\src\\stm32f4xx_spi.c          0x00000000   Number         0  stm32f4xx_spi.o ABSOLUTE
    ..\\FWLIB\\src\\stm32f4xx_syscfg.c       0x00000000   Number         0  stm32f4xx_syscfg.o ABSOLUTE
    ..\\FWLIB\\src\\stm32f4xx_tim.c          0x00000000   Number         0  stm32f4xx_tim.o ABSOLUTE
    ..\\FWLIB\\src\\stm32f4xx_usart.c        0x00000000   Number         0  stm32f4xx_usart.o ABSOLUTE
    ..\\FWLIB\\src\\stm32f4xx_wwdg.c         0x00000000   Number         0  stm32f4xx_wwdg.o ABSOLUTE
    ..\\HARDWARE\\BEEP\\beep.c               0x00000000   Number         0  beep.o ABSOLUTE
    ..\\HARDWARE\\ENCODER\\encoder.c         0x00000000   Number         0  encoder.o ABSOLUTE
    ..\\HARDWARE\\FILTER\\filter.c           0x00000000   Number         0  filter.o ABSOLUTE
    ..\\HARDWARE\\IO\\io.c                   0x00000000   Number         0  io.o ABSOLUTE
    ..\\HARDWARE\\KEY\\key.c                 0x00000000   Number         0  key.o ABSOLUTE
    ..\\HARDWARE\\LED\\led.c                 0x00000000   Number         0  led.o ABSOLUTE
    ..\\HARDWARE\\MOTOR\\motor.c             0x00000000   Number         0  motor.o ABSOLUTE
    ..\\HARDWARE\\OLED\\oled.c               0x00000000   Number         0  oled.o ABSOLUTE
    ..\\HARDWARE\\SERVO\\servo.c             0x00000000   Number         0  servo.o ABSOLUTE
    ..\\HARDWARE\\TFLUNA\\TFLuna.c           0x00000000   Number         0  tfluna.o ABSOLUTE
    ..\\HARDWARE\\TIMER7\\timer7.c           0x00000000   Number         0  timer7.o ABSOLUTE
    ..\\HARDWARE\\UART4_DMA\\uart4_dma.c     0x00000000   Number         0  uart4_dma.o ABSOLUTE
    ..\\HARDWARE\\ULTRASONIC\\ultrasonic.c   0x00000000   Number         0  ultrasonic.o ABSOLUTE
    ..\\HARDWARE\\USART1_DMA\\usart1_dma.c   0x00000000   Number         0  usart1_dma.o ABSOLUTE
    ..\\HARDWARE\\USART2_DMA\\usart2_dma.c   0x00000000   Number         0  usart2_dma.o ABSOLUTE
    ..\\HARDWARE\\USART3_DMA\\usart3_dma.c   0x00000000   Number         0  usart3_dma.o ABSOLUTE
    ..\\SYSTEM\\CONTROL\\control.c           0x00000000   Number         0  control.o ABSOLUTE
    ..\\SYSTEM\\PID\\pid.c                   0x00000000   Number         0  pid.o ABSOLUTE
    ..\\SYSTEM\\delay\\delay.c               0x00000000   Number         0  delay.o ABSOLUTE
    ..\\SYSTEM\\sys\\sys.c                   0x00000000   Number         0  sys.o ABSOLUTE
    cdcmple.s                                0x00000000   Number         0  cdcmple.o ABSOLUTE
    dc.s                                     0x00000000   Number         0  dc.o ABSOLUTE
    handlers.s                               0x00000000   Number         0  handlers.o ABSOLUTE
    init.s                                   0x00000000   Number         0  init.o ABSOLUTE
    main.c                                   0x00000000   Number         0  main.o ABSOLUTE
    main.c                                   0x00000000   Number         0  main.o ABSOLUTE
    stm32f4xx_it.c                           0x00000000   Number         0  stm32f4xx_it.o ABSOLUTE
    stm32f4xx_it.c                           0x00000000   Number         0  stm32f4xx_it.o ABSOLUTE
    system_stm32f4xx.c                       0x00000000   Number         0  system_stm32f4xx.o ABSOLUTE
    system_stm32f4xx.c                       0x00000000   Number         0  system_stm32f4xx.o ABSOLUTE
    RESET                                    0x08000000   Section      392  startup_stm32f40_41xxx.o(RESET)
    .ARM.Collect$$$$00000000                 0x08000188   Section        0  entry.o(.ARM.Collect$$$$00000000)
    .ARM.Collect$$$$00000001                 0x08000188   Section        4  entry2.o(.ARM.Collect$$$$00000001)
    .ARM.Collect$$$$00000004                 0x0800018c   Section        4  entry5.o(.ARM.Collect$$$$00000004)
    .ARM.Collect$$$$00000008                 0x08000190   Section        0  entry7b.o(.ARM.Collect$$$$00000008)
    .ARM.Collect$$$$0000000A                 0x08000190   Section        0  entry8b.o(.ARM.Collect$$$$0000000A)
    .ARM.Collect$$$$0000000B                 0x08000190   Section        8  entry9a.o(.ARM.Collect$$$$0000000B)
    .ARM.Collect$$$$0000000D                 0x08000198   Section        0  entry10a.o(.ARM.Collect$$$$0000000D)
    .ARM.Collect$$$$0000000F                 0x08000198   Section        0  entry11a.o(.ARM.Collect$$$$0000000F)
    .ARM.Collect$$$$00002712                 0x08000198   Section        4  entry2.o(.ARM.Collect$$$$00002712)
    __lit__00000000                          0x08000198   Data           4  entry2.o(.ARM.Collect$$$$00002712)
    .text                                    0x0800019c   Section        0  control.o(.text)
    .text                                    0x08001808   Section        0  main.o(.text)
    .text                                    0x08001b80   Section        0  stm32f4xx_it.o(.text)
    .text                                    0x08001b9c   Section        0  system_stm32f4xx.o(.text)
    SetSysClock                              0x08001b9d   Thumb Code   220  system_stm32f4xx.o(.text)
    .text                                    0x08001dac   Section        0  delay.o(.text)
    .text                                    0x08001eb0   Section        0  pid.o(.text)
    .text                                    0x08004620   Section        0  led.o(.text)
    .text                                    0x08004658   Section        0  key.o(.text)
    .text                                    0x08004740   Section        0  oled.o(.text)
    .text                                    0x08004fb4   Section        0  usart1_dma.o(.text)
    .text                                    0x08005404   Section        0  usart2_dma.o(.text)
    .text                                    0x080057f8   Section        0  usart3_dma.o(.text)
    .text                                    0x08005c50   Section        0  uart4_dma.o(.text)
    .text                                    0x080060a0   Section        0  timer7.o(.text)
    .text                                    0x08006100   Section        0  servo.o(.text)
    .text                                    0x08006744   Section        0  ultrasonic.o(.text)
    .text                                    0x08007394   Section        0  motor.o(.text)
    .text                                    0x080077dc   Section        0  encoder.o(.text)
    .text                                    0x08007bc4   Section        0  filter.o(.text)
    .text                                    0x080083d4   Section        0  io.o(.text)
    .text                                    0x08008488   Section       36  startup_stm32f40_41xxx.o(.text)
    $v0                                      0x08008488   Number         0  startup_stm32f40_41xxx.o(.text)
    .text                                    0x080084ac   Section        0  misc.o(.text)
    .text                                    0x0800858c   Section        0  stm32f4xx_dma.o(.text)
    .text                                    0x08008934   Section        0  stm32f4xx_gpio.o(.text)
    .text                                    0x08008bc8   Section        0  stm32f4xx_rcc.o(.text)
    .text                                    0x08009224   Section        0  stm32f4xx_tim.o(.text)
    TI4_Config                               0x080099c3   Thumb Code    80  stm32f4xx_tim.o(.text)
    TI3_Config                               0x08009a25   Thumb Code    72  stm32f4xx_tim.o(.text)
    TI2_Config                               0x08009a87   Thumb Code    90  stm32f4xx_tim.o(.text)
    TI1_Config                               0x08009af3   Thumb Code    58  stm32f4xx_tim.o(.text)
    .text                                    0x08009ec8   Section        0  stm32f4xx_usart.o(.text)
    .text                                    0x0800a31c   Section        0  siabs.o(.text)
    .text                                    0x0800a324   Section        0  dadd.o(.text)
    .text                                    0x0800a472   Section        0  dmul.o(.text)
    .text                                    0x0800a556   Section        0  dfixui.o(.text)
    .text                                    0x0800a588   Section        0  f2d.o(.text)
    .text                                    0x0800a5b0   Section       48  cdcmple.o(.text)
    .text                                    0x0800a5e0   Section        0  d2f.o(.text)
    .text                                    0x0800a618   Section        0  llshl.o(.text)
    .text                                    0x0800a636   Section        0  llushr.o(.text)
    .text                                    0x0800a656   Section        0  llsshr.o(.text)
    .text                                    0x0800a67a   Section        0  fepilogue.o(.text)
    .text                                    0x0800a67a   Section        0  iusefp.o(.text)
    .text                                    0x0800a6e8   Section        0  depilogue.o(.text)
    .text                                    0x0800a7a4   Section       36  init.o(.text)
    .text                                    0x0800a7c8   Section        0  __dczerorl2.o(.text)
    i.__scatterload_copy                     0x0800a81e   Section       14  handlers.o(i.__scatterload_copy)
    i.__scatterload_null                     0x0800a82c   Section        2  handlers.o(i.__scatterload_null)
    i.__scatterload_zeroinit                 0x0800a82e   Section       14  handlers.o(i.__scatterload_zeroinit)
    i.free                                   0x0800a83c   Section        0  malloc.o(i.free)
    i.malloc                                 0x0800a88c   Section        0  malloc.o(i.malloc)
    .constdata                               0x0800a8f8   Section     6080  oled.o(.constdata)
    .data                                    0x20000000   Section      204  control.o(.data)
    time_1ms                                 0x200000ac   Data           2  control.o(.data)
    time_5ms                                 0x200000ae   Data           2  control.o(.data)
    time_10ms                                0x200000b0   Data           2  control.o(.data)
    time_25ms                                0x200000b2   Data           2  control.o(.data)
    time_50ms                                0x200000b4   Data           2  control.o(.data)
    time_200ms                               0x200000b6   Data           2  control.o(.data)
    time_500ms                               0x200000b8   Data           2  control.o(.data)
    time_1000ms                              0x200000ba   Data           2  control.o(.data)
    time_1500ms                              0x200000bc   Data           2  control.o(.data)
    time_zuowu                               0x200000be   Data           2  control.o(.data)
    lamp_1000ms                              0x200000c0   Data           2  control.o(.data)
    disA_desired                             0x200000c4   Data           4  control.o(.data)
    disB_desired                             0x200000c8   Data           4  control.o(.data)
    .data                                    0x200000cc   Section        4  main.o(.data)
    .data                                    0x200000d0   Section       20  system_stm32f4xx.o(.data)
    .data                                    0x200000e4   Section        4  delay.o(.data)
    fac_us                                   0x200000e4   Data           1  delay.o(.data)
    fac_ms                                   0x200000e6   Data           2  delay.o(.data)
    .data                                    0x200000e8   Section        1  key.o(.data)
    key_up                                   0x200000e8   Data           1  key.o(.data)
    .data                                    0x200000e9   Section      192  oled.o(.data)
    .data                                    0x200001ac   Section       25  usart2_dma.o(.data)
    .data                                    0x200001c8   Section      216  ultrasonic.o(.data)
    .data                                    0x200002a0   Section        8  encoder.o(.data)
    max                                      0x200002a0   Data           4  encoder.o(.data)
    min                                      0x200002a4   Data           4  encoder.o(.data)
    .data                                    0x200002a8   Section       20  filter.o(.data)
    max                                      0x200002a8   Data           2  filter.o(.data)
    min                                      0x200002aa   Data           2  filter.o(.data)
    max1                                     0x200002ac   Data           2  filter.o(.data)
    max2                                     0x200002ae   Data           2  filter.o(.data)
    max                                      0x200002b0   Data           2  filter.o(.data)
    min                                      0x200002b2   Data           2  filter.o(.data)
    kalman                                   0x200002b4   Data           4  filter.o(.data)
    p                                        0x200002b8   Data           4  filter.o(.data)
    .data                                    0x200002bc   Section       16  stm32f4xx_rcc.o(.data)
    APBAHBPrescTable                         0x200002bc   Data          16  stm32f4xx_rcc.o(.data)
    .data                                    0x200002cc   Section        4  mvars.o(.data)
    .data                                    0x200002d0   Section        4  mvars.o(.data)
    .bss                                     0x200002d4   Section     2040  pid.o(.bss)
    .bss                                     0x20000acc   Section     1024  oled.o(.bss)
    .bss                                     0x20000ecc   Section       80  usart1_dma.o(.bss)
    Send_DATA                                0x20000eea   Data          50  usart1_dma.o(.bss)
    .bss                                     0x20000f1c   Section       22  usart2_dma.o(.bss)
    .bss                                     0x20000f32   Section       80  usart3_dma.o(.bss)
    Send_DATA                                0x20000f50   Data          50  usart3_dma.o(.bss)
    .bss                                     0x20000f82   Section       80  uart4_dma.o(.bss)
    Send_DATA                                0x20000fa0   Data          50  uart4_dma.o(.bss)
    .bss                                     0x20000fd4   Section      624  ultrasonic.o(.bss)
    .bss                                     0x20001244   Section      128  encoder.o(.bss)
    HEAP                                     0x200012c8   Section      512  startup_stm32f40_41xxx.o(HEAP)
    STACK                                    0x200014c8   Section     1024  startup_stm32f40_41xxx.o(STACK)

    Global Symbols

    Symbol Name                              Value     Ov Type        Size  Object(Section)

    BuildAttributes$$THM_ISAv4$E$P$D$K$B$S$7EM$VFPi3$EXTD16$VFPS$VFMA$PE$A:L22UL41UL21$X:L11$S22US41US21$IEEE1$IW$USESV6$~STKCKD$USESV7$~SHL$OTIME$ROPI$EBA8$MICROLIB$REQ8$PRES8$EABIv2 0x00000000   Number         0  anon$$obj.o ABSOLUTE
    __ARM_use_no_argv                        0x00000000   Number         0  main.o ABSOLUTE
    __cpp_initialize__aeabi_                  - Undefined Weak Reference
    __cxa_finalize                            - Undefined Weak Reference
    _clock_init                               - Undefined Weak Reference
    _microlib_exit                            - Undefined Weak Reference
    __Vectors_Size                           0x00000188   Number         0  startup_stm32f40_41xxx.o ABSOLUTE
    __Vectors                                0x08000000   Data           4  startup_stm32f40_41xxx.o(RESET)
    __Vectors_End                            0x08000188   Data           0  startup_stm32f40_41xxx.o(RESET)
    __main                                   0x08000189   Thumb Code     0  entry.o(.ARM.Collect$$$$00000000)
    _main_stk                                0x08000189   Thumb Code     0  entry2.o(.ARM.Collect$$$$00000001)
    _main_scatterload                        0x0800018d   Thumb Code     0  entry5.o(.ARM.Collect$$$$00000004)
    __main_after_scatterload                 0x08000191   Thumb Code     0  entry5.o(.ARM.Collect$$$$00000004)
    _main_clock                              0x08000191   Thumb Code     0  entry7b.o(.ARM.Collect$$$$00000008)
    _main_cpp_init                           0x08000191   Thumb Code     0  entry8b.o(.ARM.Collect$$$$0000000A)
    _main_init                               0x08000191   Thumb Code     0  entry9a.o(.ARM.Collect$$$$0000000B)
    __rt_final_cpp                           0x08000199   Thumb Code     0  entry10a.o(.ARM.Collect$$$$0000000D)
    __rt_final_exit                          0x08000199   Thumb Code     0  entry11a.o(.ARM.Collect$$$$0000000F)
    Motor_Stop                               0x0800019d   Thumb Code    42  control.o(.text)
    Motor_Back_last                          0x080001c7   Thumb Code    42  control.o(.text)
    Servo_Forw                               0x080001f1   Thumb Code    42  control.o(.text)
    ChuLong                                  0x0800021b   Thumb Code   112  control.o(.text)
    Servo_Turn                               0x0800028b   Thumb Code    42  control.o(.text)
    Motor_Back                               0x080002b5   Thumb Code    42  control.o(.text)
    HuanLong                                 0x080002df   Thumb Code   322  control.o(.text)
    Select_PID                               0x08000421   Thumb Code  1040  control.o(.text)
    Motor_SlowDown                           0x08000831   Thumb Code   164  control.o(.text)
    Motor_Left_last                          0x080008d5   Thumb Code    42  control.o(.text)
    Motor_Left                               0x080008ff   Thumb Code    42  control.o(.text)
    Motor_Right                              0x08000929   Thumb Code    42  control.o(.text)
    Motor_Forw                               0x08000953   Thumb Code    42  control.o(.text)
    Select_Motor_Speed                       0x0800097d   Thumb Code   104  control.o(.text)
    Select_Servo_Angle                       0x080009e5   Thumb Code   106  control.o(.text)
    Detect_Flag_Slowdown                     0x08000a4f   Thumb Code   296  control.o(.text)
    Detect_Flag_Mv                           0x08000b77   Thumb Code   126  control.o(.text)
    LightStop                                0x08000bf5   Thumb Code   200  control.o(.text)
    Detect_Flag_Step                         0x08000cbd   Thumb Code  1926  control.o(.text)
    TIM7_IRQHandler                          0x08001443   Thumb Code   654  control.o(.text)
    Servo_Forw_pre                           0x080016d1   Thumb Code    82  control.o(.text)
    IQR_Delay                                0x08001723   Thumb Code    28  control.o(.text)
    main                                     0x08001809   Thumb Code   730  main.o(.text)
    NMI_Handler                              0x08001b81   Thumb Code     2  stm32f4xx_it.o(.text)
    HardFault_Handler                        0x08001b83   Thumb Code     4  stm32f4xx_it.o(.text)
    MemManage_Handler                        0x08001b87   Thumb Code     4  stm32f4xx_it.o(.text)
    BusFault_Handler                         0x08001b8b   Thumb Code     4  stm32f4xx_it.o(.text)
    UsageFault_Handler                       0x08001b8f   Thumb Code     4  stm32f4xx_it.o(.text)
    SVC_Handler                              0x08001b93   Thumb Code     2  stm32f4xx_it.o(.text)
    DebugMon_Handler                         0x08001b95   Thumb Code     2  stm32f4xx_it.o(.text)
    PendSV_Handler                           0x08001b97   Thumb Code     2  stm32f4xx_it.o(.text)
    SysTick_Handler                          0x08001b99   Thumb Code     2  stm32f4xx_it.o(.text)
    SystemInit                               0x08001c79   Thumb Code    88  system_stm32f4xx.o(.text)
    SystemCoreClockUpdate                    0x08001cd1   Thumb Code   174  system_stm32f4xx.o(.text)
    delay_init                               0x08001dad   Thumb Code    52  delay.o(.text)
    delay_us                                 0x08001de1   Thumb Code    72  delay.o(.text)
    delay_xms                                0x08001e29   Thumb Code    72  delay.o(.text)
    delay_ms                                 0x08001e71   Thumb Code    56  delay.o(.text)
    PID_Init                                 0x08001eb1   Thumb Code  2064  pid.o(.text)
    Pid_Update                               0x080026c1   Thumb Code   398  pid.o(.text)
    Control_L1_For_Servo                     0x0800284f   Thumb Code    58  pid.o(.text)
    Control_L2_For_Servo                     0x08002889   Thumb Code    58  pid.o(.text)
    Control_L1_Back_Servo                    0x080028c3   Thumb Code    66  pid.o(.text)
    Control_L2_Back_Servo                    0x08002905   Thumb Code    66  pid.o(.text)
    Control_L1_Backlast_Servo                0x08002947   Thumb Code    74  pid.o(.text)
    Control_L2_Backlast_Servo                0x08002991   Thumb Code    74  pid.o(.text)
    Control_R1_For_Servo                     0x080029db   Thumb Code    58  pid.o(.text)
    Control_R2_Back_Servo                    0x08002a15   Thumb Code   122  pid.o(.text)
    Control_R1_Back_Servo                    0x08002a8f   Thumb Code   122  pid.o(.text)
    Control_F1_Left_Servo                    0x08002b09   Thumb Code    66  pid.o(.text)
    Control_F2_Left_Servo                    0x08002b4b   Thumb Code    66  pid.o(.text)
    Control_F1_Right_Servo                   0x08002b8d   Thumb Code    58  pid.o(.text)
    Control_F2_Right_Servo                   0x08002bc7   Thumb Code    58  pid.o(.text)
    Control_R1_Right_Servo                   0x08002c01   Thumb Code  1272  pid.o(.text)
    Control_L1_Left_Servo                    0x080030f9   Thumb Code  1110  pid.o(.text)
    Control_F1_Left_Motor                    0x0800354f   Thumb Code    90  pid.o(.text)
    Control_F2_Right_Motor                   0x080035a9   Thumb Code    90  pid.o(.text)
    Control_L1_For_Motor                     0x08003603   Thumb Code    90  pid.o(.text)
    Control_L2_For_Motor                     0x0800365d   Thumb Code    90  pid.o(.text)
    Control_Back_L_Servo                     0x080036b7   Thumb Code   128  pid.o(.text)
    Control_Back_R_Servo                     0x08003737   Thumb Code   112  pid.o(.text)
    Contrl_9250_Forward                      0x080037a7   Thumb Code    78  pid.o(.text)
    Contrl_9250_Forwardl                     0x080037f5   Thumb Code   130  pid.o(.text)
    Contrl_9250_Forward_motor                0x08003877   Thumb Code    90  pid.o(.text)
    Contrl_9250_Right                        0x080038d1   Thumb Code   226  pid.o(.text)
    Contrl_9250_Left                         0x080039b3   Thumb Code   114  pid.o(.text)
    Contrl_9250_Right_slow                   0x08003a25   Thumb Code   220  pid.o(.text)
    Contrl_9250_Left_slow                    0x08003b01   Thumb Code   218  pid.o(.text)
    Contrl_9250_Back                         0x08003bdb   Thumb Code    84  pid.o(.text)
    Contrl_9250_Back_last                    0x08003c2f   Thumb Code    60  pid.o(.text)
    Contrl_9250_Back_last_motor              0x08003c6b   Thumb Code    92  pid.o(.text)
    Control_R1_Right_Servo_new               0x08003cc7   Thumb Code  1214  pid.o(.text)
    Control_L1_Left_Servo_new                0x08004185   Thumb Code  1130  pid.o(.text)
    LED_Init                                 0x08004621   Thumb Code    50  led.o(.text)
    Key_Init                                 0x08004659   Thumb Code    78  key.o(.text)
    Key_Scan                                 0x080046a7   Thumb Code   142  key.o(.text)
    OLED_WR_Byte                             0x08004741   Thumb Code    84  oled.o(.text)
    OLED_Refresh_Gram                        0x08004795   Thumb Code    70  oled.o(.text)
    OLED_Display_On                          0x080047db   Thumb Code    28  oled.o(.text)
    OLED_Display_Off                         0x080047f7   Thumb Code    28  oled.o(.text)
    OLED_Clear                               0x08004813   Thumb Code    36  oled.o(.text)
    OLED_DrawPoint                           0x08004837   Thumb Code   100  oled.o(.text)
    OLED_Fill                                0x0800489b   Thumb Code    58  oled.o(.text)
    OLED_ShowChar                            0x080048d5   Thumb Code   254  oled.o(.text)
    mypow                                    0x080049d3   Thumb Code    22  oled.o(.text)
    OLED_ShowNum                             0x080049e9   Thumb Code   148  oled.o(.text)
    OLED_ShowString                          0x08004a7d   Thumb Code    94  oled.o(.text)
    OLED_ShowIntNum                          0x08004adb   Thumb Code   114  oled.o(.text)
    OLED_Show3FNum                           0x08004b4d   Thumb Code   640  oled.o(.text)
    OLED_ShowCHinese                         0x08004dcd   Thumb Code   124  oled.o(.text)
    OLED_Init                                0x08004e49   Thumb Code   364  oled.o(.text)
    USART1_Init                              0x08004fb5   Thumb Code   500  usart1_dma.o(.text)
    USART1_DMATransfer                       0x080051a9   Thumb Code    42  usart1_dma.o(.text)
    DMA2_S2_Reset                            0x080051d3   Thumb Code    42  usart1_dma.o(.text)
    USART1_IRQHandler                        0x080051fd   Thumb Code    72  usart1_dma.o(.text)
    DMA2_Stream7_IRQHandler                  0x08005245   Thumb Code    44  usart1_dma.o(.text)
    USART1_Upper_f_Computer                  0x08005271   Thumb Code   404  usart1_dma.o(.text)
    USART2_Init                              0x08005405   Thumb Code   502  usart2_dma.o(.text)
    USART2_DMATransfer                       0x080055fb   Thumb Code    46  usart2_dma.o(.text)
    DMA1_S5_Reset                            0x08005629   Thumb Code    42  usart2_dma.o(.text)
    USART2_IRQHandler                        0x08005653   Thumb Code   300  usart2_dma.o(.text)
    DMA1_Stream6_IRQHandler                  0x0800577f   Thumb Code    44  usart2_dma.o(.text)
    USART3_Init                              0x080057f9   Thumb Code   504  usart3_dma.o(.text)
    USART3_DMATransfer                       0x080059f1   Thumb Code    38  usart3_dma.o(.text)
    DMA1_S1_Reset                            0x08005a17   Thumb Code    42  usart3_dma.o(.text)
    USART3_IRQHandler                        0x08005a41   Thumb Code    76  usart3_dma.o(.text)
    DMA1_Stream3_IRQHandler                  0x08005a8d   Thumb Code    44  usart3_dma.o(.text)
    USART3_Upper_f_Computer                  0x08005ab9   Thumb Code   404  usart3_dma.o(.text)
    UART4_Init                               0x08005c51   Thumb Code   506  uart4_dma.o(.text)
    UART4_DMATransfer                        0x08005e4b   Thumb Code    36  uart4_dma.o(.text)
    DMA1_S2_Reset                            0x08005e6f   Thumb Code    42  uart4_dma.o(.text)
    UART4_IRQHandler                         0x08005e99   Thumb Code    76  uart4_dma.o(.text)
    DMA1_Stream4_IRQHandler                  0x08005ee5   Thumb Code    44  uart4_dma.o(.text)
    UART4_Upper_f_Computer                   0x08005f11   Thumb Code   400  uart4_dma.o(.text)
    TIM7_Init                                0x080060a1   Thumb Code    92  timer7.o(.text)
    TIM4_Servo_PWM_Init                      0x08006101   Thumb Code   238  servo.o(.text)
    TIM8_Servo_PWM_Init                      0x080061ef   Thumb Code   246  servo.o(.text)
    SERVO1_Set_Angle                         0x080062e5   Thumb Code   118  servo.o(.text)
    SERVO2_Set_Angle                         0x0800635b   Thumb Code   118  servo.o(.text)
    SERVO3_Set_Angle                         0x080063d1   Thumb Code   118  servo.o(.text)
    SERVO4_Set_Angle                         0x08006447   Thumb Code   118  servo.o(.text)
    SERVO5_Set_Angle                         0x080064bd   Thumb Code   156  servo.o(.text)
    SERVO6_Set_Angle                         0x08006559   Thumb Code   118  servo.o(.text)
    SERVO7_Set_Angle                         0x080065cf   Thumb Code   118  servo.o(.text)
    SERVO8_Set_Angle                         0x08006645   Thumb Code   118  servo.o(.text)
    Servo_Set_Angle                          0x080066bb   Thumb Code   100  servo.o(.text)
    Ultra_TIM9_Init                          0x08006745   Thumb Code   208  ultrasonic.o(.text)
    Ultra_TIM2_Init                          0x08006815   Thumb Code   380  ultrasonic.o(.text)
    Ultrasonic_Init                          0x08006991   Thumb Code   306  ultrasonic.o(.text)
    TIM2_IRQHandler                          0x08006ac3   Thumb Code  1360  ultrasonic.o(.text)
    TIM1_BRK_TIM9_IRQHandler                 0x08007013   Thumb Code   638  ultrasonic.o(.text)
    Delay_ULTRA                              0x08007291   Thumb Code    22  ultrasonic.o(.text)
    Ultra_Trig                               0x080072a7   Thumb Code   128  ultrasonic.o(.text)
    ultra_Filter                             0x08007327   Thumb Code    62  ultrasonic.o(.text)
    TIM1_Motor_PWM_Init                      0x08007395   Thumb Code   296  motor.o(.text)
    Motor_Init                               0x080074bd   Thumb Code   252  motor.o(.text)
    myabs                                    0x080075b9   Thumb Code    18  motor.o(.text)
    Motor_Set_Speed                          0x080075cb   Thumb Code   428  motor.o(.text)
    TIM3_EncoderB_Init                       0x080077dd   Thumb Code   174  encoder.o(.text)
    TIM5_EncoderA_Init                       0x0800788b   Thumb Code   174  encoder.o(.text)
    Read_Encoder_Cnt                         0x08007939   Thumb Code   140  encoder.o(.text)
    Encoder_Filter                           0x080079c5   Thumb Code   298  encoder.o(.text)
    Solve_EncoData                           0x08007aef   Thumb Code   166  encoder.o(.text)
    medFilter                                0x08007bc5   Thumb Code   218  filter.o(.text)
    meanFilter                               0x08007c9f   Thumb Code    92  filter.o(.text)
    meanFilter_Float                         0x08007cfb   Thumb Code    90  filter.o(.text)
    enhanceMeanFilter                        0x08007d55   Thumb Code   272  filter.o(.text)
    MeanFilterLimit                          0x08007e65   Thumb Code   316  filter.o(.text)
    Average_Filter                           0x08007fa1   Thumb Code   138  filter.o(.text)
    Enaverage_Filter                         0x0800802b   Thumb Code   262  filter.o(.text)
    KalmanFilter                             0x08008131   Thumb Code   114  filter.o(.text)
    EdgeFilter                               0x080081a3   Thumb Code   488  filter.o(.text)
    IO_init                                  0x080083d5   Thumb Code   166  io.o(.text)
    Reset_Handler                            0x08008489   Thumb Code     8  startup_stm32f40_41xxx.o(.text)
    ADC_IRQHandler                           0x080084a3   Thumb Code     0  startup_stm32f40_41xxx.o(.text)
    CAN1_RX0_IRQHandler                      0x080084a3   Thumb Code     0  startup_stm32f40_41xxx.o(.text)
    CAN1_RX1_IRQHandler                      0x080084a3   Thumb Code     0  startup_stm32f40_41xxx.o(.text)
    CAN1_SCE_IRQHandler                      0x080084a3   Thumb Code     0  startup_stm32f40_41xxx.o(.text)
    CAN1_TX_IRQHandler                       0x080084a3   Thumb Code     0  startup_stm32f40_41xxx.o(.text)
    CAN2_RX0_IRQHandler                      0x080084a3   Thumb Code     0  startup_stm32f40_41xxx.o(.text)
    CAN2_RX1_IRQHandler                      0x080084a3   Thumb Code     0  startup_stm32f40_41xxx.o(.text)
    CAN2_SCE_IRQHandler                      0x080084a3   Thumb Code     0  startup_stm32f40_41xxx.o(.text)
    CAN2_TX_IRQHandler                       0x080084a3   Thumb Code     0  startup_stm32f40_41xxx.o(.text)
    CRYP_IRQHandler                          0x080084a3   Thumb Code     0  startup_stm32f40_41xxx.o(.text)
    DCMI_IRQHandler                          0x080084a3   Thumb Code     0  startup_stm32f40_41xxx.o(.text)
    DMA1_Stream0_IRQHandler                  0x080084a3   Thumb Code     0  startup_stm32f40_41xxx.o(.text)
    DMA1_Stream1_IRQHandler                  0x080084a3   Thumb Code     0  startup_stm32f40_41xxx.o(.text)
    DMA1_Stream2_IRQHandler                  0x080084a3   Thumb Code     0  startup_stm32f40_41xxx.o(.text)
    DMA1_Stream5_IRQHandler                  0x080084a3   Thumb Code     0  startup_stm32f40_41xxx.o(.text)
    DMA1_Stream7_IRQHandler                  0x080084a3   Thumb Code     0  startup_stm32f40_41xxx.o(.text)
    DMA2_Stream0_IRQHandler                  0x080084a3   Thumb Code     0  startup_stm32f40_41xxx.o(.text)
    DMA2_Stream1_IRQHandler                  0x080084a3   Thumb Code     0  startup_stm32f40_41xxx.o(.text)
    DMA2_Stream2_IRQHandler                  0x080084a3   Thumb Code     0  startup_stm32f40_41xxx.o(.text)
    DMA2_Stream3_IRQHandler                  0x080084a3   Thumb Code     0  startup_stm32f40_41xxx.o(.text)
    DMA2_Stream4_IRQHandler                  0x080084a3   Thumb Code     0  startup_stm32f40_41xxx.o(.text)
    DMA2_Stream5_IRQHandler                  0x080084a3   Thumb Code     0  startup_stm32f40_41xxx.o(.text)
    DMA2_Stream6_IRQHandler                  0x080084a3   Thumb Code     0  startup_stm32f40_41xxx.o(.text)
    ETH_IRQHandler                           0x080084a3   Thumb Code     0  startup_stm32f40_41xxx.o(.text)
    ETH_WKUP_IRQHandler                      0x080084a3   Thumb Code     0  startup_stm32f40_41xxx.o(.text)
    EXTI0_IRQHandler                         0x080084a3   Thumb Code     0  startup_stm32f40_41xxx.o(.text)
    EXTI15_10_IRQHandler                     0x080084a3   Thumb Code     0  startup_stm32f40_41xxx.o(.text)
    EXTI1_IRQHandler                         0x080084a3   Thumb Code     0  startup_stm32f40_41xxx.o(.text)
    EXTI2_IRQHandler                         0x080084a3   Thumb Code     0  startup_stm32f40_41xxx.o(.text)
    EXTI3_IRQHandler                         0x080084a3   Thumb Code     0  startup_stm32f40_41xxx.o(.text)
    EXTI4_IRQHandler                         0x080084a3   Thumb Code     0  startup_stm32f40_41xxx.o(.text)
    EXTI9_5_IRQHandler                       0x080084a3   Thumb Code     0  startup_stm32f40_41xxx.o(.text)
    FLASH_IRQHandler                         0x080084a3   Thumb Code     0  startup_stm32f40_41xxx.o(.text)
    FPU_IRQHandler                           0x080084a3   Thumb Code     0  startup_stm32f40_41xxx.o(.text)
    FSMC_IRQHandler                          0x080084a3   Thumb Code     0  startup_stm32f40_41xxx.o(.text)
    HASH_RNG_IRQHandler                      0x080084a3   Thumb Code     0  startup_stm32f40_41xxx.o(.text)
    I2C1_ER_IRQHandler                       0x080084a3   Thumb Code     0  startup_stm32f40_41xxx.o(.text)
    I2C1_EV_IRQHandler                       0x080084a3   Thumb Code     0  startup_stm32f40_41xxx.o(.text)
    I2C2_ER_IRQHandler                       0x080084a3   Thumb Code     0  startup_stm32f40_41xxx.o(.text)
    I2C2_EV_IRQHandler                       0x080084a3   Thumb Code     0  startup_stm32f40_41xxx.o(.text)
    I2C3_ER_IRQHandler                       0x080084a3   Thumb Code     0  startup_stm32f40_41xxx.o(.text)
    I2C3_EV_IRQHandler                       0x080084a3   Thumb Code     0  startup_stm32f40_41xxx.o(.text)
    OTG_FS_IRQHandler                        0x080084a3   Thumb Code     0  startup_stm32f40_41xxx.o(.text)
    OTG_FS_WKUP_IRQHandler                   0x080084a3   Thumb Code     0  startup_stm32f40_41xxx.o(.text)
    OTG_HS_EP1_IN_IRQHandler                 0x080084a3   Thumb Code     0  startup_stm32f40_41xxx.o(.text)
    OTG_HS_EP1_OUT_IRQHandler                0x080084a3   Thumb Code     0  startup_stm32f40_41xxx.o(.text)
    OTG_HS_IRQHandler                        0x080084a3   Thumb Code     0  startup_stm32f40_41xxx.o(.text)
    OTG_HS_WKUP_IRQHandler                   0x080084a3   Thumb Code     0  startup_stm32f40_41xxx.o(.text)
    PVD_IRQHandler                           0x080084a3   Thumb Code     0  startup_stm32f40_41xxx.o(.text)
    RCC_IRQHandler                           0x080084a3   Thumb Code     0  startup_stm32f40_41xxx.o(.text)
    RTC_Alarm_IRQHandler                     0x080084a3   Thumb Code     0  startup_stm32f40_41xxx.o(.text)
    RTC_WKUP_IRQHandler                      0x080084a3   Thumb Code     0  startup_stm32f40_41xxx.o(.text)
    SDIO_IRQHandler                          0x080084a3   Thumb Code     0  startup_stm32f40_41xxx.o(.text)
    SPI1_IRQHandler                          0x080084a3   Thumb Code     0  startup_stm32f40_41xxx.o(.text)
    SPI2_IRQHandler                          0x080084a3   Thumb Code     0  startup_stm32f40_41xxx.o(.text)
    SPI3_IRQHandler                          0x080084a3   Thumb Code     0  startup_stm32f40_41xxx.o(.text)
    TAMP_STAMP_IRQHandler                    0x080084a3   Thumb Code     0  startup_stm32f40_41xxx.o(.text)
    TIM1_CC_IRQHandler                       0x080084a3   Thumb Code     0  startup_stm32f40_41xxx.o(.text)
    TIM1_TRG_COM_TIM11_IRQHandler            0x080084a3   Thumb Code     0  startup_stm32f40_41xxx.o(.text)
    TIM1_UP_TIM10_IRQHandler                 0x080084a3   Thumb Code     0  startup_stm32f40_41xxx.o(.text)
    TIM3_IRQHandler                          0x080084a3   Thumb Code     0  startup_stm32f40_41xxx.o(.text)
    TIM4_IRQHandler                          0x080084a3   Thumb Code     0  startup_stm32f40_41xxx.o(.text)
    TIM5_IRQHandler                          0x080084a3   Thumb Code     0  startup_stm32f40_41xxx.o(.text)
    TIM6_DAC_IRQHandler                      0x080084a3   Thumb Code     0  startup_stm32f40_41xxx.o(.text)
    TIM8_BRK_TIM12_IRQHandler                0x080084a3   Thumb Code     0  startup_stm32f40_41xxx.o(.text)
    TIM8_CC_IRQHandler                       0x080084a3   Thumb Code     0  startup_stm32f40_41xxx.o(.text)
    TIM8_TRG_COM_TIM14_IRQHandler            0x080084a3   Thumb Code     0  startup_stm32f40_41xxx.o(.text)
    TIM8_UP_TIM13_IRQHandler                 0x080084a3   Thumb Code     0  startup_stm32f40_41xxx.o(.text)
    UART5_IRQHandler                         0x080084a3   Thumb Code     0  startup_stm32f40_41xxx.o(.text)
    USART6_IRQHandler                        0x080084a3   Thumb Code     0  startup_stm32f40_41xxx.o(.text)
    WWDG_IRQHandler                          0x080084a3   Thumb Code     0  startup_stm32f40_41xxx.o(.text)
    NVIC_PriorityGroupConfig                 0x080084ad   Thumb Code    10  misc.o(.text)
    NVIC_Init                                0x080084b7   Thumb Code   106  misc.o(.text)
    NVIC_SetVectorTable                      0x08008521   Thumb Code    14  misc.o(.text)
    NVIC_SystemLPConfig                      0x0800852f   Thumb Code    34  misc.o(.text)
    SysTick_CLKSourceConfig                  0x08008551   Thumb Code    40  misc.o(.text)
    DMA_DeInit                               0x0800858d   Thumb Code   324  stm32f4xx_dma.o(.text)
    DMA_Init                                 0x080086d1   Thumb Code    82  stm32f4xx_dma.o(.text)
    DMA_StructInit                           0x08008723   Thumb Code    34  stm32f4xx_dma.o(.text)
    DMA_Cmd                                  0x08008745   Thumb Code    22  stm32f4xx_dma.o(.text)
    DMA_PeriphIncOffsetSizeConfig            0x0800875b   Thumb Code    22  stm32f4xx_dma.o(.text)
    DMA_FlowControllerConfig                 0x08008771   Thumb Code    22  stm32f4xx_dma.o(.text)
    DMA_SetCurrDataCounter                   0x08008787   Thumb Code     4  stm32f4xx_dma.o(.text)
    DMA_GetCurrDataCounter                   0x0800878b   Thumb Code     8  stm32f4xx_dma.o(.text)
    DMA_DoubleBufferModeConfig               0x08008793   Thumb Code    24  stm32f4xx_dma.o(.text)
    DMA_DoubleBufferModeCmd                  0x080087ab   Thumb Code    22  stm32f4xx_dma.o(.text)
    DMA_MemoryTargetConfig                   0x080087c1   Thumb Code    10  stm32f4xx_dma.o(.text)
    DMA_GetCurrentMemoryTarget               0x080087cb   Thumb Code    20  stm32f4xx_dma.o(.text)
    DMA_GetCmdStatus                         0x080087df   Thumb Code    20  stm32f4xx_dma.o(.text)
    DMA_GetFIFOStatus                        0x080087f3   Thumb Code    12  stm32f4xx_dma.o(.text)
    DMA_GetFlagStatus                        0x080087ff   Thumb Code    56  stm32f4xx_dma.o(.text)
    DMA_ClearFlag                            0x08008837   Thumb Code    40  stm32f4xx_dma.o(.text)
    DMA_ITConfig                             0x0800885f   Thumb Code    58  stm32f4xx_dma.o(.text)
    DMA_GetITStatus                          0x08008899   Thumb Code    84  stm32f4xx_dma.o(.text)
    DMA_ClearITPendingBit                    0x080088ed   Thumb Code    40  stm32f4xx_dma.o(.text)
    GPIO_DeInit                              0x08008935   Thumb Code   268  stm32f4xx_gpio.o(.text)
    GPIO_Init                                0x08008a41   Thumb Code   144  stm32f4xx_gpio.o(.text)
    GPIO_StructInit                          0x08008ad1   Thumb Code    18  stm32f4xx_gpio.o(.text)
    GPIO_PinLockConfig                       0x08008ae3   Thumb Code    34  stm32f4xx_gpio.o(.text)
    GPIO_ReadInputDataBit                    0x08008b05   Thumb Code    18  stm32f4xx_gpio.o(.text)
    GPIO_ReadInputData                       0x08008b17   Thumb Code     8  stm32f4xx_gpio.o(.text)
    GPIO_ReadOutputDataBit                   0x08008b1f   Thumb Code    18  stm32f4xx_gpio.o(.text)
    GPIO_ReadOutputData                      0x08008b31   Thumb Code     8  stm32f4xx_gpio.o(.text)
    GPIO_SetBits                             0x08008b39   Thumb Code     4  stm32f4xx_gpio.o(.text)
    GPIO_ResetBits                           0x08008b3d   Thumb Code     4  stm32f4xx_gpio.o(.text)
    GPIO_WriteBit                            0x08008b41   Thumb Code    10  stm32f4xx_gpio.o(.text)
    GPIO_Write                               0x08008b4b   Thumb Code     4  stm32f4xx_gpio.o(.text)
    GPIO_ToggleBits                          0x08008b4f   Thumb Code     8  stm32f4xx_gpio.o(.text)
    GPIO_PinAFConfig                         0x08008b57   Thumb Code    70  stm32f4xx_gpio.o(.text)
    RCC_DeInit                               0x08008bc9   Thumb Code    82  stm32f4xx_rcc.o(.text)
    RCC_HSEConfig                            0x08008c1b   Thumb Code    14  stm32f4xx_rcc.o(.text)
    RCC_GetFlagStatus                        0x08008c29   Thumb Code    60  stm32f4xx_rcc.o(.text)
    RCC_WaitForHSEStartUp                    0x08008c65   Thumb Code    56  stm32f4xx_rcc.o(.text)
    RCC_AdjustHSICalibrationValue            0x08008c9d   Thumb Code    20  stm32f4xx_rcc.o(.text)
    RCC_HSICmd                               0x08008cb1   Thumb Code     6  stm32f4xx_rcc.o(.text)
    RCC_LSEConfig                            0x08008cb7   Thumb Code    46  stm32f4xx_rcc.o(.text)
    RCC_LSICmd                               0x08008ce5   Thumb Code     6  stm32f4xx_rcc.o(.text)
    RCC_PLLConfig                            0x08008ceb   Thumb Code    32  stm32f4xx_rcc.o(.text)
    RCC_PLLCmd                               0x08008d0b   Thumb Code     6  stm32f4xx_rcc.o(.text)
    RCC_PLLI2SConfig                         0x08008d11   Thumb Code    14  stm32f4xx_rcc.o(.text)
    RCC_PLLI2SCmd                            0x08008d1f   Thumb Code     6  stm32f4xx_rcc.o(.text)
    RCC_PLLSAIConfig                         0x08008d25   Thumb Code    20  stm32f4xx_rcc.o(.text)
    RCC_PLLSAICmd                            0x08008d39   Thumb Code     6  stm32f4xx_rcc.o(.text)
    RCC_ClockSecuritySystemCmd               0x08008d3f   Thumb Code     6  stm32f4xx_rcc.o(.text)
    RCC_MCO1Config                           0x08008d45   Thumb Code    28  stm32f4xx_rcc.o(.text)
    RCC_MCO2Config                           0x08008d61   Thumb Code    28  stm32f4xx_rcc.o(.text)
    RCC_SYSCLKConfig                         0x08008d7d   Thumb Code    20  stm32f4xx_rcc.o(.text)
    RCC_GetSYSCLKSource                      0x08008d91   Thumb Code    12  stm32f4xx_rcc.o(.text)
    RCC_HCLKConfig                           0x08008d9d   Thumb Code    20  stm32f4xx_rcc.o(.text)
    RCC_PCLK1Config                          0x08008db1   Thumb Code    20  stm32f4xx_rcc.o(.text)
    RCC_PCLK2Config                          0x08008dc5   Thumb Code    22  stm32f4xx_rcc.o(.text)
    RCC_GetClocksFreq                        0x08008ddb   Thumb Code   222  stm32f4xx_rcc.o(.text)
    RCC_RTCCLKConfig                         0x08008eb9   Thumb Code    54  stm32f4xx_rcc.o(.text)
    RCC_RTCCLKCmd                            0x08008eef   Thumb Code     8  stm32f4xx_rcc.o(.text)
    RCC_BackupResetCmd                       0x08008ef7   Thumb Code     8  stm32f4xx_rcc.o(.text)
    RCC_I2SCLKConfig                         0x08008eff   Thumb Code     6  stm32f4xx_rcc.o(.text)
    RCC_SAIPLLI2SClkDivConfig                0x08008f05   Thumb Code    26  stm32f4xx_rcc.o(.text)
    RCC_SAIPLLSAIClkDivConfig                0x08008f1f   Thumb Code    28  stm32f4xx_rcc.o(.text)
    RCC_SAIBlockACLKConfig                   0x08008f3b   Thumb Code    20  stm32f4xx_rcc.o(.text)
    RCC_SAIBlockBCLKConfig                   0x08008f4f   Thumb Code    20  stm32f4xx_rcc.o(.text)
    RCC_LTDCCLKDivConfig                     0x08008f63   Thumb Code    20  stm32f4xx_rcc.o(.text)
    RCC_TIMCLKPresConfig                     0x08008f77   Thumb Code     6  stm32f4xx_rcc.o(.text)
    RCC_AHB1PeriphClockCmd                   0x08008f7d   Thumb Code    34  stm32f4xx_rcc.o(.text)
    RCC_AHB2PeriphClockCmd                   0x08008f9f   Thumb Code    78  stm32f4xx_rcc.o(.text)
    RCC_AHB3PeriphClockCmd                   0x08008fed   Thumb Code    34  stm32f4xx_rcc.o(.text)
    RCC_APB1PeriphClockCmd                   0x0800900f   Thumb Code    34  stm32f4xx_rcc.o(.text)
    RCC_APB2PeriphClockCmd                   0x08009031   Thumb Code    34  stm32f4xx_rcc.o(.text)
    RCC_AHB1PeriphResetCmd                   0x08009053   Thumb Code    34  stm32f4xx_rcc.o(.text)
    RCC_AHB2PeriphResetCmd                   0x08009075   Thumb Code    34  stm32f4xx_rcc.o(.text)
    RCC_AHB3PeriphResetCmd                   0x08009097   Thumb Code    34  stm32f4xx_rcc.o(.text)
    RCC_APB1PeriphResetCmd                   0x080090b9   Thumb Code    34  stm32f4xx_rcc.o(.text)
    RCC_APB2PeriphResetCmd                   0x080090db   Thumb Code    34  stm32f4xx_rcc.o(.text)
    RCC_AHB1PeriphClockLPModeCmd             0x080090fd   Thumb Code    34  stm32f4xx_rcc.o(.text)
    RCC_AHB2PeriphClockLPModeCmd             0x0800911f   Thumb Code    34  stm32f4xx_rcc.o(.text)
    RCC_AHB3PeriphClockLPModeCmd             0x08009141   Thumb Code    34  stm32f4xx_rcc.o(.text)
    RCC_APB1PeriphClockLPModeCmd             0x08009163   Thumb Code    34  stm32f4xx_rcc.o(.text)
    RCC_APB2PeriphClockLPModeCmd             0x08009185   Thumb Code    34  stm32f4xx_rcc.o(.text)
    RCC_LSEModeConfig                        0x080091a7   Thumb Code    40  stm32f4xx_rcc.o(.text)
    RCC_ITConfig                             0x080091cf   Thumb Code    34  stm32f4xx_rcc.o(.text)
    RCC_ClearFlag                            0x080091f1   Thumb Code    18  stm32f4xx_rcc.o(.text)
    RCC_GetITStatus                          0x08009203   Thumb Code    22  stm32f4xx_rcc.o(.text)
    RCC_ClearITPendingBit                    0x08009219   Thumb Code     8  stm32f4xx_rcc.o(.text)
    TIM_DeInit                               0x08009225   Thumb Code   346  stm32f4xx_tim.o(.text)
    TIM_TimeBaseInit                         0x0800937f   Thumb Code   104  stm32f4xx_tim.o(.text)
    TIM_TimeBaseStructInit                   0x080093e7   Thumb Code    18  stm32f4xx_tim.o(.text)
    TIM_PrescalerConfig                      0x080093f9   Thumb Code     6  stm32f4xx_tim.o(.text)
    TIM_CounterModeConfig                    0x080093ff   Thumb Code    18  stm32f4xx_tim.o(.text)
    TIM_SetCounter                           0x08009411   Thumb Code     4  stm32f4xx_tim.o(.text)
    TIM_SetAutoreload                        0x08009415   Thumb Code     4  stm32f4xx_tim.o(.text)
    TIM_GetCounter                           0x08009419   Thumb Code     6  stm32f4xx_tim.o(.text)
    TIM_GetPrescaler                         0x0800941f   Thumb Code     6  stm32f4xx_tim.o(.text)
    TIM_UpdateDisableConfig                  0x08009425   Thumb Code    24  stm32f4xx_tim.o(.text)
    TIM_UpdateRequestConfig                  0x0800943d   Thumb Code    24  stm32f4xx_tim.o(.text)
    TIM_ARRPreloadConfig                     0x08009455   Thumb Code    24  stm32f4xx_tim.o(.text)
    TIM_SelectOnePulseMode                   0x0800946d   Thumb Code    18  stm32f4xx_tim.o(.text)
    TIM_SetClockDivision                     0x0800947f   Thumb Code    18  stm32f4xx_tim.o(.text)
    TIM_Cmd                                  0x08009491   Thumb Code    24  stm32f4xx_tim.o(.text)
    TIM_OC1Init                              0x080094a9   Thumb Code   114  stm32f4xx_tim.o(.text)
    TIM_OC2Init                              0x0800951b   Thumb Code   154  stm32f4xx_tim.o(.text)
    TIM_OC3Init                              0x080095b5   Thumb Code   204  stm32f4xx_tim.o(.text)
    TIM_OC4Init                              0x08009681   Thumb Code   112  stm32f4xx_tim.o(.text)
    TIM_OCStructInit                         0x080096f1   Thumb Code    20  stm32f4xx_tim.o(.text)
    TIM_SelectOCxM                           0x08009705   Thumb Code    86  stm32f4xx_tim.o(.text)
    TIM_SetCompare1                          0x0800975b   Thumb Code     4  stm32f4xx_tim.o(.text)
    TIM_SetCompare2                          0x0800975f   Thumb Code     4  stm32f4xx_tim.o(.text)
    TIM_SetCompare3                          0x08009763   Thumb Code     4  stm32f4xx_tim.o(.text)
    TIM_SetCompare4                          0x08009767   Thumb Code     4  stm32f4xx_tim.o(.text)
    TIM_ForcedOC1Config                      0x0800976b   Thumb Code    18  stm32f4xx_tim.o(.text)
    TIM_ForcedOC2Config                      0x0800977d   Thumb Code    26  stm32f4xx_tim.o(.text)
    TIM_ForcedOC3Config                      0x08009797   Thumb Code    18  stm32f4xx_tim.o(.text)
    TIM_ForcedOC4Config                      0x080097a9   Thumb Code    26  stm32f4xx_tim.o(.text)
    TIM_OC1PreloadConfig                     0x080097c3   Thumb Code    18  stm32f4xx_tim.o(.text)
    TIM_OC2PreloadConfig                     0x080097d5   Thumb Code    26  stm32f4xx_tim.o(.text)
    TIM_OC3PreloadConfig                     0x080097ef   Thumb Code    18  stm32f4xx_tim.o(.text)
    TIM_OC4PreloadConfig                     0x08009801   Thumb Code    26  stm32f4xx_tim.o(.text)
    TIM_OC1FastConfig                        0x0800981b   Thumb Code    18  stm32f4xx_tim.o(.text)
    TIM_OC2FastConfig                        0x0800982d   Thumb Code    26  stm32f4xx_tim.o(.text)
    TIM_OC3FastConfig                        0x08009847   Thumb Code    18  stm32f4xx_tim.o(.text)
    TIM_OC4FastConfig                        0x08009859   Thumb Code    26  stm32f4xx_tim.o(.text)
    TIM_ClearOC1Ref                          0x08009873   Thumb Code    18  stm32f4xx_tim.o(.text)
    TIM_ClearOC2Ref                          0x08009885   Thumb Code    24  stm32f4xx_tim.o(.text)
    TIM_ClearOC3Ref                          0x0800989d   Thumb Code    18  stm32f4xx_tim.o(.text)
    TIM_ClearOC4Ref                          0x080098af   Thumb Code    24  stm32f4xx_tim.o(.text)
    TIM_OC1PolarityConfig                    0x080098c7   Thumb Code    18  stm32f4xx_tim.o(.text)
    TIM_OC1NPolarityConfig                   0x080098d9   Thumb Code    18  stm32f4xx_tim.o(.text)
    TIM_OC2PolarityConfig                    0x080098eb   Thumb Code    26  stm32f4xx_tim.o(.text)
    TIM_OC2NPolarityConfig                   0x08009905   Thumb Code    26  stm32f4xx_tim.o(.text)
    TIM_OC3PolarityConfig                    0x0800991f   Thumb Code    26  stm32f4xx_tim.o(.text)
    TIM_OC3NPolarityConfig                   0x08009939   Thumb Code    26  stm32f4xx_tim.o(.text)
    TIM_OC4PolarityConfig                    0x08009953   Thumb Code    26  stm32f4xx_tim.o(.text)
    TIM_CCxCmd                               0x0800996d   Thumb Code    30  stm32f4xx_tim.o(.text)
    TIM_CCxNCmd                              0x0800998b   Thumb Code    30  stm32f4xx_tim.o(.text)
    TIM_SetIC4Prescaler                      0x080099a9   Thumb Code    26  stm32f4xx_tim.o(.text)
    TIM_SetIC3Prescaler                      0x08009a13   Thumb Code    18  stm32f4xx_tim.o(.text)
    TIM_SetIC2Prescaler                      0x08009a6d   Thumb Code    26  stm32f4xx_tim.o(.text)
    TIM_SetIC1Prescaler                      0x08009ae1   Thumb Code    18  stm32f4xx_tim.o(.text)
    TIM_ICInit                               0x08009b2d   Thumb Code   110  stm32f4xx_tim.o(.text)
    TIM_ICStructInit                         0x08009b9b   Thumb Code    18  stm32f4xx_tim.o(.text)
    TIM_PWMIConfig                           0x08009bad   Thumb Code   124  stm32f4xx_tim.o(.text)
    TIM_GetCapture1                          0x08009c29   Thumb Code     6  stm32f4xx_tim.o(.text)
    TIM_GetCapture2                          0x08009c2f   Thumb Code     6  stm32f4xx_tim.o(.text)
    TIM_GetCapture3                          0x08009c35   Thumb Code     6  stm32f4xx_tim.o(.text)
    TIM_GetCapture4                          0x08009c3b   Thumb Code     6  stm32f4xx_tim.o(.text)
    TIM_BDTRConfig                           0x08009c41   Thumb Code    32  stm32f4xx_tim.o(.text)
    TIM_BDTRStructInit                       0x08009c61   Thumb Code    18  stm32f4xx_tim.o(.text)
    TIM_CtrlPWMOutputs                       0x08009c73   Thumb Code    30  stm32f4xx_tim.o(.text)
    TIM_SelectCOM                            0x08009c91   Thumb Code    24  stm32f4xx_tim.o(.text)
    TIM_CCPreloadControl                     0x08009ca9   Thumb Code    24  stm32f4xx_tim.o(.text)
    TIM_ITConfig                             0x08009cc1   Thumb Code    18  stm32f4xx_tim.o(.text)
    TIM_GenerateEvent                        0x08009cd3   Thumb Code     4  stm32f4xx_tim.o(.text)
    TIM_GetFlagStatus                        0x08009cd7   Thumb Code    18  stm32f4xx_tim.o(.text)
    TIM_ClearFlag                            0x08009ce9   Thumb Code     6  stm32f4xx_tim.o(.text)
    TIM_GetITStatus                          0x08009cef   Thumb Code    34  stm32f4xx_tim.o(.text)
    TIM_ClearITPendingBit                    0x08009d11   Thumb Code     6  stm32f4xx_tim.o(.text)
    TIM_DMAConfig                            0x08009d17   Thumb Code    10  stm32f4xx_tim.o(.text)
    TIM_DMACmd                               0x08009d21   Thumb Code    18  stm32f4xx_tim.o(.text)
    TIM_SelectCCDMA                          0x08009d33   Thumb Code    24  stm32f4xx_tim.o(.text)
    TIM_InternalClockConfig                  0x08009d4b   Thumb Code    12  stm32f4xx_tim.o(.text)
    TIM_SelectInputTrigger                   0x08009d57   Thumb Code    18  stm32f4xx_tim.o(.text)
    TIM_ITRxExternalClockConfig              0x08009d69   Thumb Code    24  stm32f4xx_tim.o(.text)
    TIM_TIxExternalClockConfig               0x08009d81   Thumb Code    62  stm32f4xx_tim.o(.text)
    TIM_ETRConfig                            0x08009dbf   Thumb Code    28  stm32f4xx_tim.o(.text)
    TIM_ETRClockMode1Config                  0x08009ddb   Thumb Code    54  stm32f4xx_tim.o(.text)
    TIM_ETRClockMode2Config                  0x08009e11   Thumb Code    32  stm32f4xx_tim.o(.text)
    TIM_SelectOutputTrigger                  0x08009e31   Thumb Code    18  stm32f4xx_tim.o(.text)
    TIM_SelectSlaveMode                      0x08009e43   Thumb Code    18  stm32f4xx_tim.o(.text)
    TIM_SelectMasterSlaveMode                0x08009e55   Thumb Code    18  stm32f4xx_tim.o(.text)
    TIM_EncoderInterfaceConfig               0x08009e67   Thumb Code    66  stm32f4xx_tim.o(.text)
    TIM_SelectHallSensor                     0x08009ea9   Thumb Code    24  stm32f4xx_tim.o(.text)
    TIM_RemapConfig                          0x08009ec1   Thumb Code     6  stm32f4xx_tim.o(.text)
    USART_DeInit                             0x08009ec9   Thumb Code   206  stm32f4xx_usart.o(.text)
    USART_Init                               0x08009f97   Thumb Code   204  stm32f4xx_usart.o(.text)
    USART_StructInit                         0x0800a063   Thumb Code    24  stm32f4xx_usart.o(.text)
    USART_ClockInit                          0x0800a07b   Thumb Code    32  stm32f4xx_usart.o(.text)
    USART_ClockStructInit                    0x0800a09b   Thumb Code    12  stm32f4xx_usart.o(.text)
    USART_Cmd                                0x0800a0a7   Thumb Code    24  stm32f4xx_usart.o(.text)
    USART_SetPrescaler                       0x0800a0bf   Thumb Code    16  stm32f4xx_usart.o(.text)
    USART_OverSampling8Cmd                   0x0800a0cf   Thumb Code    22  stm32f4xx_usart.o(.text)
    USART_OneBitMethodCmd                    0x0800a0e5   Thumb Code    24  stm32f4xx_usart.o(.text)
    USART_SendData                           0x0800a0fd   Thumb Code     8  stm32f4xx_usart.o(.text)
    USART_ReceiveData                        0x0800a105   Thumb Code    10  stm32f4xx_usart.o(.text)
    USART_SetAddress                         0x0800a10f   Thumb Code    18  stm32f4xx_usart.o(.text)
    USART_ReceiverWakeUpCmd                  0x0800a121   Thumb Code    24  stm32f4xx_usart.o(.text)
    USART_WakeUpConfig                       0x0800a139   Thumb Code    18  stm32f4xx_usart.o(.text)
    USART_LINBreakDetectLengthConfig         0x0800a14b   Thumb Code    18  stm32f4xx_usart.o(.text)
    USART_LINCmd                             0x0800a15d   Thumb Code    24  stm32f4xx_usart.o(.text)
    USART_SendBreak                          0x0800a175   Thumb Code    10  stm32f4xx_usart.o(.text)
    USART_HalfDuplexCmd                      0x0800a17f   Thumb Code    24  stm32f4xx_usart.o(.text)
    USART_SetGuardTime                       0x0800a197   Thumb Code    16  stm32f4xx_usart.o(.text)
    USART_SmartCardCmd                       0x0800a1a7   Thumb Code    24  stm32f4xx_usart.o(.text)
    USART_SmartCardNACKCmd                   0x0800a1bf   Thumb Code    24  stm32f4xx_usart.o(.text)
    USART_IrDAConfig                         0x0800a1d7   Thumb Code    18  stm32f4xx_usart.o(.text)
    USART_IrDACmd                            0x0800a1e9   Thumb Code    24  stm32f4xx_usart.o(.text)
    USART_DMACmd                             0x0800a201   Thumb Code    18  stm32f4xx_usart.o(.text)
    USART_ITConfig                           0x0800a213   Thumb Code    74  stm32f4xx_usart.o(.text)
    USART_GetFlagStatus                      0x0800a25d   Thumb Code    26  stm32f4xx_usart.o(.text)
    USART_ClearFlag                          0x0800a277   Thumb Code    18  stm32f4xx_usart.o(.text)
    USART_GetITStatus                        0x0800a289   Thumb Code   118  stm32f4xx_usart.o(.text)
    USART_ClearITPendingBit                  0x0800a2ff   Thumb Code    30  stm32f4xx_usart.o(.text)
    abs                                      0x0800a31d   Thumb Code     8  siabs.o(.text)
    __aeabi_dadd                             0x0800a325   Thumb Code   322  dadd.o(.text)
    __aeabi_dsub                             0x0800a467   Thumb Code     6  dadd.o(.text)
    __aeabi_drsub                            0x0800a46d   Thumb Code     6  dadd.o(.text)
    __aeabi_dmul                             0x0800a473   Thumb Code   228  dmul.o(.text)
    __aeabi_d2uiz                            0x0800a557   Thumb Code    50  dfixui.o(.text)
    __aeabi_f2d                              0x0800a589   Thumb Code    38  f2d.o(.text)
    __aeabi_cdcmpeq                          0x0800a5b1   Thumb Code     0  cdcmple.o(.text)
    __aeabi_cdcmple                          0x0800a5b1   Thumb Code    48  cdcmple.o(.text)
    __aeabi_d2f                              0x0800a5e1   Thumb Code    56  d2f.o(.text)
    __aeabi_llsl                             0x0800a619   Thumb Code    30  llshl.o(.text)
    _ll_shift_l                              0x0800a619   Thumb Code     0  llshl.o(.text)
    __aeabi_llsr                             0x0800a637   Thumb Code    32  llushr.o(.text)
    _ll_ushift_r                             0x0800a637   Thumb Code     0  llushr.o(.text)
    __aeabi_lasr                             0x0800a657   Thumb Code    36  llsshr.o(.text)
    _ll_sshift_r                             0x0800a657   Thumb Code     0  llsshr.o(.text)
    __I$use$fp                               0x0800a67b   Thumb Code     0  iusefp.o(.text)
    _float_round                             0x0800a67b   Thumb Code    18  fepilogue.o(.text)
    _float_epilogue                          0x0800a68d   Thumb Code    92  fepilogue.o(.text)
    _double_round                            0x0800a6e9   Thumb Code    30  depilogue.o(.text)
    _double_epilogue                         0x0800a707   Thumb Code   156  depilogue.o(.text)
    __scatterload                            0x0800a7a5   Thumb Code    28  init.o(.text)
    __scatterload_rt2                        0x0800a7a5   Thumb Code     0  init.o(.text)
    __decompress                             0x0800a7c9   Thumb Code     0  __dczerorl2.o(.text)
    __decompress1                            0x0800a7c9   Thumb Code    86  __dczerorl2.o(.text)
    __scatterload_copy                       0x0800a81f   Thumb Code    14  handlers.o(i.__scatterload_copy)
    __scatterload_null                       0x0800a82d   Thumb Code     2  handlers.o(i.__scatterload_null)
    __scatterload_zeroinit                   0x0800a82f   Thumb Code    14  handlers.o(i.__scatterload_zeroinit)
    free                                     0x0800a83d   Thumb Code    76  malloc.o(i.free)
    malloc                                   0x0800a88d   Thumb Code    92  malloc.o(i.malloc)
    asc2_1206                                0x0800a8f8   Data        1140  oled.o(.constdata)
    asc2_1608                                0x0800ad6c   Data        1520  oled.o(.constdata)
    asc2_2412                                0x0800b35c   Data        3420  oled.o(.constdata)
    Region$$Table$$Base                      0x0800c0b8   Number         0  anon$$obj.o(Region$$Table)
    Region$$Table$$Limit                     0x0800c0d8   Number         0  anon$$obj.o(Region$$Table)
    parity                                   0x20000000   Data           1  control.o(.data)
    pitch                                    0x20000004   Data           4  control.o(.data)
    roll                                     0x20000008   Data           4  control.o(.data)
    aacx                                     0x2000000c   Data           2  control.o(.data)
    aacy                                     0x2000000e   Data           2  control.o(.data)
    aacz                                     0x20000010   Data           2  control.o(.data)
    gyrox                                    0x20000012   Data           2  control.o(.data)
    gyroy                                    0x20000014   Data           2  control.o(.data)
    gyroz                                    0x20000016   Data           2  control.o(.data)
    flag_step                                0x20000018   Data           1  control.o(.data)
    flag_yaw_new                             0x20000019   Data           1  control.o(.data)
    flag_mission_start                       0x2000001a   Data           1  control.o(.data)
    flag_huanlong                            0x2000001b   Data           1  control.o(.data)
    flag_chulong                             0x2000001c   Data           1  control.o(.data)
    flag_slowdown                            0x2000001d   Data           1  control.o(.data)
    flag_zuowuslowdown                       0x2000001e   Data           1  control.o(.data)
    flag_found_zuowu                         0x2000001f   Data           1  control.o(.data)
    flag_delay                               0x20000020   Data           1  control.o(.data)
    flag_delay_200ms                         0x20000021   Data           1  control.o(.data)
    flag_delay_500ms                         0x20000022   Data           1  control.o(.data)
    flag_delay_1000ms                        0x20000023   Data           1  control.o(.data)
    flag_delay_1500ms                        0x20000024   Data           1  control.o(.data)
    flag_delay_zuowu                         0x20000025   Data           1  control.o(.data)
    Color_SLOW                               0x20000026   Data           1  control.o(.data)
    flag_step0SLOW                           0x20000027   Data           1  control.o(.data)
    RightLightLast                           0x20000028   Data           1  control.o(.data)
    LeftLightLast                            0x20000029   Data           1  control.o(.data)
    Servo1_Base                              0x2000002c   Data           4  control.o(.data)
    Servo2_Base                              0x20000030   Data           4  control.o(.data)
    Servo3_Base                              0x20000034   Data           4  control.o(.data)
    Servo4_Base                              0x20000038   Data           4  control.o(.data)
    Servo5_Base                              0x2000003c   Data           4  control.o(.data)
    Servo6_Base                              0x20000040   Data           4  control.o(.data)
    Servo7_Base                              0x20000044   Data           4  control.o(.data)
    Servo8_Base                              0x20000048   Data           4  control.o(.data)
    SpeedL1_Base                             0x2000004c   Data           4  control.o(.data)
    SpeedR1_Base                             0x20000050   Data           4  control.o(.data)
    SpeedL2_Base                             0x20000054   Data           4  control.o(.data)
    SpeedR2_Base                             0x20000058   Data           4  control.o(.data)
    SpeedL1_Base_c                           0x2000005c   Data           4  control.o(.data)
    SpeedR1_Base_c                           0x20000060   Data           4  control.o(.data)
    SpeedL2_Base_c                           0x20000064   Data           4  control.o(.data)
    SpeedR2_Base_c                           0x20000068   Data           4  control.o(.data)
    Servo1_Increase                          0x2000006c   Data           4  control.o(.data)
    Servo2_Increase                          0x20000070   Data           4  control.o(.data)
    Servo3_Increase                          0x20000074   Data           4  control.o(.data)
    Servo4_Increase                          0x20000078   Data           4  control.o(.data)
    Servo5_Increase                          0x2000007c   Data           4  control.o(.data)
    Servo6_Increase                          0x20000080   Data           4  control.o(.data)
    Servo7_Increase                          0x20000084   Data           4  control.o(.data)
    Servo8_Increase                          0x20000088   Data           4  control.o(.data)
    SpeedL1_Increase                         0x2000008c   Data           4  control.o(.data)
    SpeedR1_Increase                         0x20000090   Data           4  control.o(.data)
    SpeedL2_Increase                         0x20000094   Data           4  control.o(.data)
    SpeedR2_Increase                         0x20000098   Data           4  control.o(.data)
    SpeedL1_Increase_9250                    0x2000009c   Data           4  control.o(.data)
    SpeedR1_Increase_9250                    0x200000a0   Data           4  control.o(.data)
    SpeedL2_Increase_9250                    0x200000a4   Data           4  control.o(.data)
    SpeedR2_Increase_9250                    0x200000a8   Data           4  control.o(.data)
    start_yaw                                0x200000cc   Data           4  main.o(.data)
    SystemCoreClock                          0x200000d0   Data           4  system_stm32f4xx.o(.data)
    AHBPrescTable                            0x200000d4   Data          16  system_stm32f4xx.o(.data)
    Chinese                                  0x200000e9   Data         192  oled.o(.data)
    yaw                                      0x200001ac   Data           4  usart2_dma.o(.data)
    yaw_H                                    0x200001b0   Data           2  usart2_dma.o(.data)
    yaw_L                                    0x200001b2   Data           2  usart2_dma.o(.data)
    yaw_temp                                 0x200001b4   Data           2  usart2_dma.o(.data)
    yaw_test                                 0x200001b8   Data           4  usart2_dma.o(.data)
    flag_YAW                                 0x200001bc   Data           4  usart2_dma.o(.data)
    start_YAW                                0x200001c0   Data           4  usart2_dma.o(.data)
    mode                                     0x200001c4   Data           1  usart2_dma.o(.data)
    ultra_L1                                 0x200001c8   Data          32  ultrasonic.o(.data)
    ultra_L2                                 0x200001e8   Data          32  ultrasonic.o(.data)
    ultra_R1                                 0x20000208   Data          32  ultrasonic.o(.data)
    ultra_R2                                 0x20000228   Data          32  ultrasonic.o(.data)
    ultra_F1                                 0x20000248   Data          32  ultrasonic.o(.data)
    ultra_F2                                 0x20000268   Data          32  ultrasonic.o(.data)
    ultra_F1DISLast                          0x20000288   Data           4  ultrasonic.o(.data)
    ultra_F2DISLast                          0x2000028c   Data           4  ultrasonic.o(.data)
    ultra_L1DISLast                          0x20000290   Data           4  ultrasonic.o(.data)
    ultra_L2DISLast                          0x20000294   Data           4  ultrasonic.o(.data)
    ultra_R1DISLast                          0x20000298   Data           4  ultrasonic.o(.data)
    ultra_R2DISLast                          0x2000029c   Data           4  ultrasonic.o(.data)
    __microlib_freelist                      0x200002cc   Data           4  mvars.o(.data)
    __microlib_freelist_initialised          0x200002d0   Data           4  mvars.o(.data)
    PID_PWMA                                 0x200002d4   Data          68  pid.o(.bss)
    PID_PWMB                                 0x20000318   Data          68  pid.o(.bss)
    PID_9250_Forward                         0x2000035c   Data          68  pid.o(.bss)
    PID_9250_Forward_motor                   0x200003a0   Data          68  pid.o(.bss)
    PID_9250_Right                           0x200003e4   Data          68  pid.o(.bss)
    PID_9250_Left                            0x20000428   Data          68  pid.o(.bss)
    PID_9250_Right_slow                      0x2000046c   Data          68  pid.o(.bss)
    PID_9250_Left_slow                       0x200004b0   Data          68  pid.o(.bss)
    PID_9250_Back                            0x200004f4   Data          68  pid.o(.bss)
    PID_9250_Back_last                       0x20000538   Data          68  pid.o(.bss)
    PID_9250_Back_last_motor                 0x2000057c   Data          68  pid.o(.bss)
    PID_L1_For_Servo                         0x200005c0   Data          68  pid.o(.bss)
    PID_L2_For_Servo                         0x20000604   Data          68  pid.o(.bss)
    PID_L1_Back_Servo                        0x20000648   Data          68  pid.o(.bss)
    PID_L2_Back_Servo                        0x2000068c   Data          68  pid.o(.bss)
    PID_R1_For_Servo                         0x200006d0   Data          68  pid.o(.bss)
    PID_R2_Back_Servo                        0x20000714   Data          68  pid.o(.bss)
    PID_R1_Back_Servo                        0x20000758   Data          68  pid.o(.bss)
    PID_F1_Left_Servo                        0x2000079c   Data          68  pid.o(.bss)
    PID_F2_Left_Servo                        0x200007e0   Data          68  pid.o(.bss)
    PID_F1_Right_Servo                       0x20000824   Data          68  pid.o(.bss)
    PID_F2_Right_Servo                       0x20000868   Data          68  pid.o(.bss)
    PID_F1_Left_Motor                        0x200008ac   Data          68  pid.o(.bss)
    PID_F2_Right_Motor                       0x200008f0   Data          68  pid.o(.bss)
    PID_L1_For_Motor                         0x20000934   Data          68  pid.o(.bss)
    PID_L2_For_Motor                         0x20000978   Data          68  pid.o(.bss)
    PID_Back_L_Servo                         0x200009bc   Data          68  pid.o(.bss)
    PID_Back_R_Servo                         0x20000a00   Data          68  pid.o(.bss)
    PID_L1_Left_Servo                        0x20000a44   Data          68  pid.o(.bss)
    PID_R1_Right_Servo                       0x20000a88   Data          68  pid.o(.bss)
    OLED_GRAM                                0x20000acc   Data        1024  oled.o(.bss)
    rec_data_u1                              0x20000ecc   Data          15  usart1_dma.o(.bss)
    send_data_u1                             0x20000edb   Data          15  usart1_dma.o(.bss)
    rec_data_u2                              0x20000f1c   Data          11  usart2_dma.o(.bss)
    send_data_u2                             0x20000f27   Data          11  usart2_dma.o(.bss)
    rec_data_u3                              0x20000f32   Data          15  usart3_dma.o(.bss)
    send_data_u3                             0x20000f41   Data          15  usart3_dma.o(.bss)
    rec_data_u4                              0x20000f82   Data          15  uart4_dma.o(.bss)
    send_data_u4                             0x20000f91   Data          15  uart4_dma.o(.bss)
    Ultr_F1                                  0x20000fd4   Data         104  ultrasonic.o(.bss)
    Ultr_F2                                  0x2000103c   Data         104  ultrasonic.o(.bss)
    Ultr_L1                                  0x200010a4   Data         104  ultrasonic.o(.bss)
    Ultr_L2                                  0x2000110c   Data         104  ultrasonic.o(.bss)
    Ultr_R1                                  0x20001174   Data         104  ultrasonic.o(.bss)
    Ultr_R2                                  0x200011dc   Data         104  ultrasonic.o(.bss)
    Encoders                                 0x20001244   Data          24  encoder.o(.bss)
    EncoAspeed_Filter                        0x2000125c   Data          52  encoder.o(.bss)
    EncoBspeed_Filter                        0x20001290   Data          52  encoder.o(.bss)
    __heap_base                              0x200012c8   Data           0  startup_stm32f40_41xxx.o(HEAP)
    __heap_limit                             0x200014c8   Data           0  startup_stm32f40_41xxx.o(HEAP)
    __initial_sp                             0x200018c8   Data           0  startup_stm32f40_41xxx.o(STACK)



==============================================================================

Memory Map of the image

  Image Entry point : 0x08000189

  Load Region LR_IROM1 (Base: 0x08000000, Size: 0x0000c3ac, Max: 0x00100000, ABSOLUTE, COMPRESSED[0x0000c1b8])

    Execution Region ER_IROM1 (Base: 0x08000000, Size: 0x0000c0d8, Max: 0x00100000, ABSOLUTE)

    Base Addr    Size         Type   Attr      Idx    E Section Name        Object

    0x08000000   0x00000188   Data   RO          756    RESET               startup_stm32f40_41xxx.o
    0x08000188   0x00000000   Code   RO         1478  * .ARM.Collect$$$$00000000  mc_w.l(entry.o)
    0x08000188   0x00000004   Code   RO         1525    .ARM.Collect$$$$00000001  mc_w.l(entry2.o)
    0x0800018c   0x00000004   Code   RO         1528    .ARM.Collect$$$$00000004  mc_w.l(entry5.o)
    0x08000190   0x00000000   Code   RO         1530    .ARM.Collect$$$$00000008  mc_w.l(entry7b.o)
    0x08000190   0x00000000   Code   RO         1532    .ARM.Collect$$$$0000000A  mc_w.l(entry8b.o)
    0x08000190   0x00000008   Code   RO         1533    .ARM.Collect$$$$0000000B  mc_w.l(entry9a.o)
    0x08000198   0x00000000   Code   RO         1535    .ARM.Collect$$$$0000000D  mc_w.l(entry10a.o)
    0x08000198   0x00000000   Code   RO         1537    .ARM.Collect$$$$0000000F  mc_w.l(entry11a.o)
    0x08000198   0x00000004   Code   RO         1526    .ARM.Collect$$$$00002712  mc_w.l(entry2.o)
    0x0800019c   0x0000166c   Code   RO            3    .text               control.o
    0x08001808   0x00000378   Code   RO          197    .text               main.o
    0x08001b80   0x0000001a   Code   RO          233    .text               stm32f4xx_it.o
    0x08001b9a   0x00000002   PAD
    0x08001b9c   0x00000210   Code   RO          282    .text               system_stm32f4xx.o
    0x08001dac   0x00000104   Code   RO          326    .text               delay.o
    0x08001eb0   0x00002770   Code   RO          348    .text               pid.o
    0x08004620   0x00000038   Code   RO          378    .text               led.o
    0x08004658   0x000000e8   Code   RO          418    .text               key.o
    0x08004740   0x00000874   Code   RO          439    .text               oled.o
    0x08004fb4   0x00000450   Code   RO          470    .text               usart1_dma.o
    0x08005404   0x000003f4   Code   RO          496    .text               usart2_dma.o
    0x080057f8   0x00000458   Code   RO          523    .text               usart3_dma.o
    0x08005c50   0x00000450   Code   RO          549    .text               uart4_dma.o
    0x080060a0   0x00000060   Code   RO          575    .text               timer7.o
    0x08006100   0x00000644   Code   RO          595    .text               servo.o
    0x08006744   0x00000c50   Code   RO          615    .text               ultrasonic.o
    0x08007394   0x00000448   Code   RO          646    .text               motor.o
    0x080077dc   0x000003e8   Code   RO          666    .text               encoder.o
    0x08007bc4   0x00000810   Code   RO          710    .text               filter.o
    0x080083d4   0x000000b4   Code   RO          736    .text               io.o
    0x08008488   0x00000024   Code   RO          757    .text               startup_stm32f40_41xxx.o
    0x080084ac   0x000000e0   Code   RO          763    .text               misc.o
    0x0800858c   0x000003a8   Code   RO          983    .text               stm32f4xx_dma.o
    0x08008934   0x00000294   Code   RO         1112    .text               stm32f4xx_gpio.o
    0x08008bc8   0x0000065c   Code   RO         1275    .text               stm32f4xx_rcc.o
    0x08009224   0x00000ca2   Code   RO         1420    .text               stm32f4xx_tim.o
    0x08009ec6   0x00000002   PAD
    0x08009ec8   0x00000454   Code   RO         1440    .text               stm32f4xx_usart.o
    0x0800a31c   0x00000008   Code   RO         1481    .text               mc_w.l(siabs.o)
    0x0800a324   0x0000014e   Code   RO         1513    .text               mf_w.l(dadd.o)
    0x0800a472   0x000000e4   Code   RO         1515    .text               mf_w.l(dmul.o)
    0x0800a556   0x00000032   Code   RO         1517    .text               mf_w.l(dfixui.o)
    0x0800a588   0x00000026   Code   RO         1519    .text               mf_w.l(f2d.o)
    0x0800a5ae   0x00000002   PAD
    0x0800a5b0   0x00000030   Code   RO         1521    .text               mf_w.l(cdcmple.o)
    0x0800a5e0   0x00000038   Code   RO         1523    .text               mf_w.l(d2f.o)
    0x0800a618   0x0000001e   Code   RO         1539    .text               mc_w.l(llshl.o)
    0x0800a636   0x00000020   Code   RO         1541    .text               mc_w.l(llushr.o)
    0x0800a656   0x00000024   Code   RO         1543    .text               mc_w.l(llsshr.o)
    0x0800a67a   0x00000000   Code   RO         1551    .text               mc_w.l(iusefp.o)
    0x0800a67a   0x0000006e   Code   RO         1552    .text               mf_w.l(fepilogue.o)
    0x0800a6e8   0x000000ba   Code   RO         1554    .text               mf_w.l(depilogue.o)
    0x0800a7a2   0x00000002   PAD
    0x0800a7a4   0x00000024   Code   RO         1556    .text               mc_w.l(init.o)
    0x0800a7c8   0x00000056   Code   RO         1566    .text               mc_w.l(__dczerorl2.o)
    0x0800a81e   0x0000000e   Code   RO         1560    i.__scatterload_copy  mc_w.l(handlers.o)
    0x0800a82c   0x00000002   Code   RO         1561    i.__scatterload_null  mc_w.l(handlers.o)
    0x0800a82e   0x0000000e   Code   RO         1562    i.__scatterload_zeroinit  mc_w.l(handlers.o)
    0x0800a83c   0x00000050   Code   RO         1485    i.free              mc_w.l(malloc.o)
    0x0800a88c   0x0000006c   Code   RO         1486    i.malloc            mc_w.l(malloc.o)
    0x0800a8f8   0x000017c0   Data   RO          441    .constdata          oled.o
    0x0800c0b8   0x00000020   Data   RO         1558    Region$$Table       anon$$obj.o


    Execution Region RW_IRAM1 (Base: 0x20000000, Size: 0x000018c8, Max: 0x00020000, ABSOLUTE, COMPRESSED[0x000000e0])

    Base Addr    Size         Type   Attr      Idx    E Section Name        Object

    0x20000000   0x000000cc   Data   RW            5    .data               control.o
    0x200000cc   0x00000004   Data   RW          198    .data               main.o
    0x200000d0   0x00000014   Data   RW          283    .data               system_stm32f4xx.o
    0x200000e4   0x00000004   Data   RW          327    .data               delay.o
    0x200000e8   0x00000001   Data   RW          419    .data               key.o
    0x200000e9   0x000000c0   Data   RW          442    .data               oled.o
    0x200001a9   0x00000003   PAD
    0x200001ac   0x00000019   Data   RW          498    .data               usart2_dma.o
    0x200001c5   0x00000003   PAD
    0x200001c8   0x000000d8   Data   RW          617    .data               ultrasonic.o
    0x200002a0   0x00000008   Data   RW          668    .data               encoder.o
    0x200002a8   0x00000014   Data   RW          711    .data               filter.o
    0x200002bc   0x00000010   Data   RW         1276    .data               stm32f4xx_rcc.o
    0x200002cc   0x00000004   Data   RW         1549    .data               mc_w.l(mvars.o)
    0x200002d0   0x00000004   Data   RW         1550    .data               mc_w.l(mvars.o)
    0x200002d4   0x000007f8   Zero   RW          349    .bss                pid.o
    0x20000acc   0x00000400   Zero   RW          440    .bss                oled.o
    0x20000ecc   0x00000050   Zero   RW          471    .bss                usart1_dma.o
    0x20000f1c   0x00000016   Zero   RW          497    .bss                usart2_dma.o
    0x20000f32   0x00000050   Zero   RW          524    .bss                usart3_dma.o
    0x20000f82   0x00000050   Zero   RW          550    .bss                uart4_dma.o
    0x20000fd2   0x00000002   PAD
    0x20000fd4   0x00000270   Zero   RW          616    .bss                ultrasonic.o
    0x20001244   0x00000080   Zero   RW          667    .bss                encoder.o
    0x200012c4   0x00000004   PAD
    0x200012c8   0x00000200   Zero   RW          755    HEAP                startup_stm32f40_41xxx.o
    0x200014c8   0x00000400   Zero   RW          754    STACK               startup_stm32f40_41xxx.o


==============================================================================

Image component sizes


      Code (inc. data)   RO Data    RW Data    ZI Data      Debug   Object Name

      5740        812          0        204          0     304633   control.o
       260          8          0          4          0       1517   delay.o
      1000         48          0          8        128       3854   encoder.o
      2064        102          0         20          0       5922   filter.o
       180         14          0          0          0        626   io.o
       232         12          0          1          0        872   key.o
        56          6          0          0          0        563   led.o
       888        158          0          4          0       1115   main.o
       224         20          0          0          0       1897   misc.o
      1096        102          0          0          0       1999   motor.o
      2164         56       6080        192       1024       7071   oled.o
     10096        834          0          0       2040      13021   pid.o
      1604         76          0          0          0       3658   servo.o
        36          8        392          0       1536        844   startup_stm32f40_41xxx.o
       936         32          0          0          0       6377   stm32f4xx_dma.o
       660         44          0          0          0       4177   stm32f4xx_gpio.o
        26          0          0          0          0       1262   stm32f4xx_it.o
      1628         52          0         16          0      13000   stm32f4xx_rcc.o
      3234         60          0          0          0      22380   stm32f4xx_tim.o
      1108         34          0          0          0       7876   stm32f4xx_usart.o
       528         46          0         20          0       1899   system_stm32f4xx.o
        96          4          0          0          0        704   timer7.o
      1104         38          0          0         80       4208   uart4_dma.o
      3152        114          0        216        624       8149   ultrasonic.o
      1104         34          0          0         80       4152   usart1_dma.o
      1012         78          0         25         22       2886   usart2_dma.o
      1112         36          0          0         80       4140   usart3_dma.o

    ----------------------------------------------------------------------
     41344       2828       6504        716       5620     428802   Object Totals
         0          0         32          0          0          0   (incl. Generated)
         4          0          0          6          6          0   (incl. Padding)

    ----------------------------------------------------------------------

      Code (inc. data)   RO Data    RW Data    ZI Data      Debug   Library Member Name

        86          0          0          0          0          0   __dczerorl2.o
         0          0          0          0          0          0   entry.o
         0          0          0          0          0          0   entry10a.o
         0          0          0          0          0          0   entry11a.o
         8          4          0          0          0          0   entry2.o
         4          0          0          0          0          0   entry5.o
         0          0          0          0          0          0   entry7b.o
         0          0          0          0          0          0   entry8b.o
         8          4          0          0          0          0   entry9a.o
        30          0          0          0          0          0   handlers.o
        36          8          0          0          0         68   init.o
         0          0          0          0          0          0   iusefp.o
        30          0          0          0          0         68   llshl.o
        36          0          0          0          0         68   llsshr.o
        32          0          0          0          0         68   llushr.o
       188         20          0          0          0        160   malloc.o
         0          0          0          8          0          0   mvars.o
         8          0          0          0          0         68   siabs.o
        48          0          0          0          0         68   cdcmple.o
        56          0          0          0          0         88   d2f.o
       334          0          0          0          0        148   dadd.o
       186          0          0          0          0        176   depilogue.o
        50          0          0          0          0         76   dfixui.o
       228          0          0          0          0         96   dmul.o
        38          0          0          0          0         68   f2d.o
       110          0          0          0          0        168   fepilogue.o

    ----------------------------------------------------------------------
      1520         36          0          8          0       1388   Library Totals
         4          0          0          0          0          0   (incl. Padding)

    ----------------------------------------------------------------------

      Code (inc. data)   RO Data    RW Data    ZI Data      Debug   Library Name

       466         36          0          8          0        500   mc_w.l
      1050          0          0          0          0        888   mf_w.l

    ----------------------------------------------------------------------
      1520         36          0          8          0       1388   Library Totals

    ----------------------------------------------------------------------

==============================================================================


      Code (inc. data)   RO Data    RW Data    ZI Data      Debug   

     42864       2864       6504        724       5620     425202   Grand Totals
     42864       2864       6504        224       5620     425202   ELF Image Totals (compressed)
     42864       2864       6504        224          0          0   ROM Totals

==============================================================================

    Total RO  Size (Code + RO Data)                49368 (  48.21kB)
    Total RW  Size (RW Data + ZI Data)              6344 (   6.20kB)
    Total ROM Size (Code + RO Data + RW Data)      49592 (  48.43kB)

==============================================================================

